[2026-01-08T16:29:30.447+0000] {local_task_job_runner.py:120} INFO - ::group::Pre task execution logs
[2026-01-08T16:30:57.349+0000] {local_task_job_runner.py:120} INFO - ::group::Pre task execution logs
[2026-01-08T16:30:57.607+0000] {taskinstance.py:2076} INFO - Dependencies all met for dep_context=non-requeueable deps ti=<TaskInstance: pg_to_clickhouse_payload_parsing.transfer_raw_to_ch scheduled__2026-01-08T16:26:00+00:00 [queued]>
[2026-01-08T16:30:57.698+0000] {taskinstance.py:2076} INFO - Dependencies all met for dep_context=requeueable deps ti=<TaskInstance: pg_to_clickhouse_payload_parsing.transfer_raw_to_ch scheduled__2026-01-08T16:26:00+00:00 [queued]>
[2026-01-08T16:30:57.702+0000] {taskinstance.py:2306} INFO - Starting attempt 3 of 2
[2026-01-08T16:30:57.789+0000] {taskinstance.py:2330} INFO - Executing <Task(PythonOperator): transfer_raw_to_ch> on 2026-01-08 16:26:00+00:00
[2026-01-08T16:30:57.820+0000] {logging_mixin.py:188} WARNING - /home/airflow/.local/lib/python3.12/site-packages/airflow/task/task_runner/standard_task_runner.py:61 DeprecationWarning: This process (pid=177) is multi-threaded, use of fork() may lead to deadlocks in the child.
[2026-01-08T16:30:57.826+0000] {standard_task_runner.py:63} INFO - Started process 192 to run task
[2026-01-08T16:30:57.820+0000] {standard_task_runner.py:90} INFO - Running: ['airflow', 'tasks', 'run', 'pg_to_clickhouse_payload_parsing', 'transfer_raw_to_ch', 'scheduled__2026-01-08T16:26:00+00:00', '--job-id', '37', '--raw', '--subdir', 'DAGS_FOLDER/etl_postgres_to_clickhouse.py', '--cfg-path', '/tmp/tmphhua7er4']
[2026-01-08T16:30:57.844+0000] {standard_task_runner.py:91} INFO - Job 37: Subtask transfer_raw_to_ch
[2026-01-08T16:30:58.086+0000] {task_command.py:426} INFO - Running <TaskInstance: pg_to_clickhouse_payload_parsing.transfer_raw_to_ch scheduled__2026-01-08T16:26:00+00:00 [running]> on host efb60548ea30
[2026-01-08T16:30:59.000+0000] {taskinstance.py:2905} ERROR - Task failed with exception
Traceback (most recent call last):
  File "/home/airflow/.local/lib/python3.12/site-packages/sqlalchemy/engine/base.py", line 1910, in _execute_context
    self.dialect.do_execute(
  File "/home/airflow/.local/lib/python3.12/site-packages/sqlalchemy/engine/default.py", line 736, in do_execute
    cursor.execute(statement, parameters)
psycopg2.errors.InFailedSqlTransaction: current transaction is aborted, commands ignored until end of transaction block


The above exception was the direct cause of the following exception:

Traceback (most recent call last):
  File "/home/airflow/.local/lib/python3.12/site-packages/airflow/models/taskinstance.py", line 2479, in _run_raw_task
    self._execute_task_with_callbacks(context, test_mode, session=session)
  File "/home/airflow/.local/lib/python3.12/site-packages/airflow/models/taskinstance.py", line 2638, in _execute_task_with_callbacks
    RenderedTaskInstanceFields.delete_old_records(self.task_id, self.dag_id)
  File "/home/airflow/.local/lib/python3.12/site-packages/airflow/utils/session.py", line 79, in wrapper
    return func(*args, session=session, **kwargs)
           ^^^^^^^^^^^^^^^^^^^^^^^^^^^^^^^^^^^^^^
  File "/home/airflow/.local/lib/python3.12/site-packages/airflow/models/renderedtifields.py", line 235, in delete_old_records
    cls._do_delete_old_records(
  File "/home/airflow/.local/lib/python3.12/site-packages/airflow/utils/retries.py", line 89, in wrapped_function
    for attempt in run_with_db_retries(max_retries=retries, logger=logger, **retry_kwargs):
  File "/home/airflow/.local/lib/python3.12/site-packages/tenacity/__init__.py", line 347, in __iter__
    do = self.iter(retry_state=retry_state)
         ^^^^^^^^^^^^^^^^^^^^^^^^^^^^^^^^^^
  File "/home/airflow/.local/lib/python3.12/site-packages/tenacity/__init__.py", line 325, in iter
    raise retry_exc.reraise()
          ^^^^^^^^^^^^^^^^^^^
  File "/home/airflow/.local/lib/python3.12/site-packages/tenacity/__init__.py", line 158, in reraise
    raise self.last_attempt.result()
          ^^^^^^^^^^^^^^^^^^^^^^^^^^
  File "/usr/local/lib/python3.12/concurrent/futures/_base.py", line 449, in result
    return self.__get_result()
           ^^^^^^^^^^^^^^^^^^^
  File "/usr/local/lib/python3.12/concurrent/futures/_base.py", line 401, in __get_result
    raise self._exception
  File "/home/airflow/.local/lib/python3.12/site-packages/airflow/utils/retries.py", line 98, in wrapped_function
    return func(*args, **kwargs)
           ^^^^^^^^^^^^^^^^^^^^^
  File "/home/airflow/.local/lib/python3.12/site-packages/airflow/models/renderedtifields.py", line 269, in _do_delete_old_records
    session.execute(stmt)
  File "/home/airflow/.local/lib/python3.12/site-packages/sqlalchemy/orm/session.py", line 1717, in execute
    result = conn._execute_20(statement, params or {}, execution_options)
             ^^^^^^^^^^^^^^^^^^^^^^^^^^^^^^^^^^^^^^^^^^^^^^^^^^^^^^^^^^^^
  File "/home/airflow/.local/lib/python3.12/site-packages/sqlalchemy/engine/base.py", line 1710, in _execute_20
    return meth(self, args_10style, kwargs_10style, execution_options)
           ^^^^^^^^^^^^^^^^^^^^^^^^^^^^^^^^^^^^^^^^^^^^^^^^^^^^^^^^^^^
  File "/home/airflow/.local/lib/python3.12/site-packages/sqlalchemy/sql/elements.py", line 334, in _execute_on_connection
    return connection._execute_clauseelement(
           ^^^^^^^^^^^^^^^^^^^^^^^^^^^^^^^^^^
  File "/home/airflow/.local/lib/python3.12/site-packages/sqlalchemy/engine/base.py", line 1577, in _execute_clauseelement
    ret = self._execute_context(
          ^^^^^^^^^^^^^^^^^^^^^^
  File "/home/airflow/.local/lib/python3.12/site-packages/sqlalchemy/engine/base.py", line 1953, in _execute_context
    self._handle_dbapi_exception(
  File "/home/airflow/.local/lib/python3.12/site-packages/sqlalchemy/engine/base.py", line 2134, in _handle_dbapi_exception
    util.raise_(
  File "/home/airflow/.local/lib/python3.12/site-packages/sqlalchemy/util/compat.py", line 211, in raise_
    raise exception
  File "/home/airflow/.local/lib/python3.12/site-packages/sqlalchemy/engine/base.py", line 1910, in _execute_context
    self.dialect.do_execute(
  File "/home/airflow/.local/lib/python3.12/site-packages/sqlalchemy/engine/default.py", line 736, in do_execute
    cursor.execute(statement, parameters)
sqlalchemy.exc.InternalError: (psycopg2.errors.InFailedSqlTransaction) current transaction is aborted, commands ignored until end of transaction block

[SQL: DELETE FROM rendered_task_instance_fields WHERE rendered_task_instance_fields.dag_id = %(dag_id_1)s AND rendered_task_instance_fields.task_id = %(task_id_1)s AND NOT (EXISTS (SELECT 1 
FROM (SELECT DISTINCT rendered_task_instance_fields.dag_id AS dag_id, rendered_task_instance_fields.task_id AS task_id, rendered_task_instance_fields.run_id AS run_id, dag_run.execution_date AS execution_date 
FROM rendered_task_instance_fields JOIN dag_run ON rendered_task_instance_fields.dag_id = dag_run.dag_id AND rendered_task_instance_fields.run_id = dag_run.run_id 
WHERE rendered_task_instance_fields.dag_id = %(dag_id_2)s AND rendered_task_instance_fields.task_id = %(task_id_2)s ORDER BY dag_run.execution_date DESC 
 LIMIT %(param_1)s) AS anon_1 
WHERE anon_1.dag_id = rendered_task_instance_fields.dag_id AND anon_1.task_id = rendered_task_instance_fields.task_id AND anon_1.run_id = rendered_task_instance_fields.run_id))]
[parameters: {'dag_id_1': 'pg_to_clickhouse_payload_parsing', 'task_id_1': 'transfer_raw_to_ch', 'dag_id_2': 'pg_to_clickhouse_payload_parsing', 'task_id_2': 'transfer_raw_to_ch', 'param_1': 30}]
(Background on this error at: https://sqlalche.me/e/14/2j85)
[2026-01-08T16:30:59.026+0000] {taskinstance.py:1206} INFO - Marking task as FAILED. dag_id=pg_to_clickhouse_payload_parsing, task_id=transfer_raw_to_ch, run_id=scheduled__2026-01-08T16:26:00+00:00, execution_date=20260108T162600, start_date=20260108T163057, end_date=20260108T163059
[2026-01-08T16:30:59.035+0000] {standard_task_runner.py:110} ERROR - Failed to execute job 37 for task transfer_raw_to_ch ((psycopg2.errors.ReadOnlySqlTransaction) cannot execute UPDATE in a read-only transaction

[SQL: UPDATE dag_run SET last_scheduling_decision=%(last_scheduling_decision)s, updated_at=%(updated_at)s WHERE dag_run.id = %(dag_run_id)s]
[parameters: {'last_scheduling_decision': datetime.datetime(2026, 1, 8, 16, 30, 56, 289885, tzinfo=Timezone('UTC')), 'updated_at': datetime.datetime(2026, 1, 8, 16, 30, 56, 298470, tzinfo=Timezone('UTC')), 'dag_run_id': 6}]
(Background on this error at: https://sqlalche.me/e/14/2j85); 192)
[2026-01-08T16:30:59.071+0000] {local_task_job_runner.py:240} INFO - Task exited with return code 1
[2026-01-08T16:30:59.085+0000] {local_task_job_runner.py:222} INFO - ::endgroup::
