[2026-01-08T15:01:42.326+0000] {local_task_job_runner.py:120} INFO - ::group::Pre task execution logs
[2026-01-08T15:01:42.384+0000] {taskinstance.py:2076} INFO - Dependencies all met for dep_context=non-requeueable deps ti=<TaskInstance: pg_to_clickhouse_payload_parsing.transfer_raw_to_ch scheduled__2026-01-08T15:01:10+00:00 [queued]>
[2026-01-08T15:01:42.402+0000] {taskinstance.py:2076} INFO - Dependencies all met for dep_context=requeueable deps ti=<TaskInstance: pg_to_clickhouse_payload_parsing.transfer_raw_to_ch scheduled__2026-01-08T15:01:10+00:00 [queued]>
[2026-01-08T15:01:42.403+0000] {taskinstance.py:2306} INFO - Starting attempt 1 of 2
[2026-01-08T15:01:42.430+0000] {taskinstance.py:2330} INFO - Executing <Task(PythonOperator): transfer_raw_to_ch> on 2026-01-08 15:01:10+00:00
[2026-01-08T15:01:42.446+0000] {logging_mixin.py:188} WARNING - /home/airflow/.local/lib/python3.12/site-packages/airflow/task/task_runner/standard_task_runner.py:61 DeprecationWarning: This process (pid=177) is multi-threaded, use of fork() may lead to deadlocks in the child.
[2026-01-08T15:01:42.448+0000] {standard_task_runner.py:63} INFO - Started process 189 to run task
[2026-01-08T15:01:42.445+0000] {standard_task_runner.py:90} INFO - Running: ['airflow', 'tasks', 'run', 'pg_to_clickhouse_payload_parsing', 'transfer_raw_to_ch', 'scheduled__2026-01-08T15:01:10+00:00', '--job-id', '8', '--raw', '--subdir', 'DAGS_FOLDER/etl_postgres_to_clickhouse.py', '--cfg-path', '/tmp/tmpbx72a_mi']
[2026-01-08T15:01:42.450+0000] {standard_task_runner.py:91} INFO - Job 8: Subtask transfer_raw_to_ch
[2026-01-08T15:01:42.463+0000] {cli_action_loggers.py:139} WARNING - Failed to log action (psycopg2.errors.ReadOnlySqlTransaction) cannot execute INSERT in a read-only transaction

[SQL: INSERT INTO log (dttm, dag_id, task_id, event, owner, extra) VALUES (%(dttm)s, %(dag_id)s, %(task_id)s, %(event)s, %(owner)s, %(extra)s) RETURNING log.id]
[parameters: {'dttm': datetime.datetime(2026, 1, 8, 15, 1, 42, 452546, tzinfo=Timezone('UTC')), 'dag_id': 'pg_to_clickhouse_payload_parsing', 'task_id': 'transfer_raw_to_ch', 'event': 'cli_task_run', 'owner': 'airflow', 'extra': '{"host_name": "3f9ab6ed49f5", "full_command": "[\'/home/airflow/.local/bin/airflow\', \'scheduler\']"}'}]
(Background on this error at: https://sqlalche.me/e/14/2j85)
[2026-01-08T15:01:42.521+0000] {task_command.py:426} INFO - Running <TaskInstance: pg_to_clickhouse_payload_parsing.transfer_raw_to_ch scheduled__2026-01-08T15:01:10+00:00 [running]> on host 3f9ab6ed49f5
[2026-01-08T15:01:42.571+0000] {standard_task_runner.py:110} ERROR - Failed to execute job 8 for task transfer_raw_to_ch ((psycopg2.errors.ReadOnlySqlTransaction) cannot execute UPDATE in a read-only transaction

[SQL: UPDATE task_instance SET job_id=%(job_id)s, pid=%(pid)s, updated_at=%(updated_at)s WHERE task_instance.dag_id = %(task_instance_dag_id)s AND task_instance.task_id = %(task_instance_task_id)s AND task_instance.run_id = %(task_instance_run_id)s AND task_instance.map_index = %(task_instance_map_index)s]
[parameters: {'job_id': '8', 'pid': 189, 'updated_at': datetime.datetime(2026, 1, 8, 15, 1, 42, 568692, tzinfo=Timezone('UTC')), 'task_instance_dag_id': 'pg_to_clickhouse_payload_parsing', 'task_instance_task_id': 'transfer_raw_to_ch', 'task_instance_run_id': 'scheduled__2026-01-08T15:01:10+00:00', 'task_instance_map_index': -1}]
(Background on this error at: https://sqlalche.me/e/14/2j85); 189)
[2026-01-08T15:01:42.587+0000] {local_task_job_runner.py:240} INFO - Task exited with return code 1
[2026-01-08T15:01:42.597+0000] {local_task_job_runner.py:222} INFO - ::endgroup::
