[2026-01-08T16:38:37.109+0000] {local_task_job_runner.py:120} INFO - ::group::Pre task execution logs
[2026-01-08T16:40:32.753+0000] {local_task_job_runner.py:120} INFO - ::group::Pre task execution logs
[2026-01-08T16:40:32.838+0000] {taskinstance.py:2076} INFO - Dependencies all met for dep_context=non-requeueable deps ti=<TaskInstance: pg_to_clickhouse_payload_parsing.transfer_raw_to_ch scheduled__2026-01-08T16:37:30+00:00 [queued]>
[2026-01-08T16:40:32.874+0000] {taskinstance.py:2076} INFO - Dependencies all met for dep_context=requeueable deps ti=<TaskInstance: pg_to_clickhouse_payload_parsing.transfer_raw_to_ch scheduled__2026-01-08T16:37:30+00:00 [queued]>
[2026-01-08T16:40:32.876+0000] {taskinstance.py:2306} INFO - Starting attempt 1 of 2
[2026-01-08T16:40:32.920+0000] {taskinstance.py:2330} INFO - Executing <Task(PythonOperator): transfer_raw_to_ch> on 2026-01-08 16:37:30+00:00
[2026-01-08T16:40:32.955+0000] {logging_mixin.py:188} WARNING - /home/airflow/.local/lib/python3.12/site-packages/airflow/task/task_runner/standard_task_runner.py:61 DeprecationWarning: This process (pid=185) is multi-threaded, use of fork() may lead to deadlocks in the child.
[2026-01-08T16:40:32.961+0000] {standard_task_runner.py:63} INFO - Started process 256 to run task
[2026-01-08T16:40:32.966+0000] {standard_task_runner.py:90} INFO - Running: ['airflow', 'tasks', 'run', 'pg_to_clickhouse_payload_parsing', 'transfer_raw_to_ch', 'scheduled__2026-01-08T16:37:30+00:00', '--job-id', '85', '--raw', '--subdir', 'DAGS_FOLDER/etl_postgres_to_clickhouse.py', '--cfg-path', '/tmp/tmpbuyw07i3']
[2026-01-08T16:40:32.985+0000] {standard_task_runner.py:91} INFO - Job 85: Subtask transfer_raw_to_ch
[2026-01-08T16:40:33.024+0000] {cli_action_loggers.py:139} WARNING - Failed to log action (psycopg2.errors.ReadOnlySqlTransaction) cannot execute INSERT in a read-only transaction

[SQL: INSERT INTO log (dttm, dag_id, task_id, event, owner, extra) VALUES (%(dttm)s, %(dag_id)s, %(task_id)s, %(event)s, %(owner)s, %(extra)s) RETURNING log.id]
[parameters: {'dttm': datetime.datetime(2026, 1, 8, 16, 40, 32, 993680, tzinfo=Timezone('UTC')), 'dag_id': 'pg_to_clickhouse_payload_parsing', 'task_id': 'transfer_raw_to_ch', 'event': 'cli_task_run', 'owner': 'airflow', 'extra': '{"host_name": "efb60548ea30", "full_command": "[\'/home/airflow/.local/bin/airflow\', \'scheduler\']"}'}]
(Background on this error at: https://sqlalche.me/e/14/2j85)
[2026-01-08T16:40:33.164+0000] {task_command.py:426} INFO - Running <TaskInstance: pg_to_clickhouse_payload_parsing.transfer_raw_to_ch scheduled__2026-01-08T16:37:30+00:00 [running]> on host efb60548ea30
[2026-01-08T16:40:33.588+0000] {taskinstance.py:2648} INFO - Exporting env vars: AIRFLOW_CTX_DAG_OWNER='***' AIRFLOW_CTX_DAG_ID='pg_to_clickhouse_payload_parsing' AIRFLOW_CTX_TASK_ID='transfer_raw_to_ch' AIRFLOW_CTX_EXECUTION_DATE='2026-01-08T16:37:30+00:00' AIRFLOW_CTX_TRY_NUMBER='1' AIRFLOW_CTX_DAG_RUN_ID='scheduled__2026-01-08T16:37:30+00:00'
[2026-01-08T16:40:33.590+0000] {taskinstance.py:430} INFO - ::endgroup::
[2026-01-08T16:40:37.635+0000] {local_task_job_runner.py:222} INFO - ::endgroup::
[2026-01-08T16:40:37.647+0000] {process_utils.py:132} INFO - Sending 15 to group 256. PIDs of all processes in the group: [256]
[2026-01-08T16:40:37.648+0000] {process_utils.py:87} INFO - Sending the signal 15 to group 256
[2026-01-08T16:40:37.651+0000] {taskinstance.py:2611} ERROR - Received SIGTERM. Terminating subprocesses.
[2026-01-08T16:40:37.681+0000] {taskinstance.py:441} INFO - ::group::Post task execution logs
[2026-01-08T16:40:38.324+0000] {standard_task_runner.py:110} ERROR - Failed to execute job 85 for task transfer_raw_to_ch ((psycopg2.errors.InFailedSqlTransaction) current transaction is aborted, commands ignored until end of transaction block

[SQL: SELECT task_instance.task_id AS task_instance_task_id, task_instance.dag_id AS task_instance_dag_id, task_instance.run_id AS task_instance_run_id, task_instance.map_index AS task_instance_map_index, task_instance.start_date AS task_instance_start_date, task_instance.end_date AS task_instance_end_date, task_instance.duration AS task_instance_duration, task_instance.state AS task_instance_state, task_instance.try_number AS task_instance_try_number, task_instance.max_tries AS task_instance_max_tries, task_instance.hostname AS task_instance_hostname, task_instance.unixname AS task_instance_unixname, task_instance.job_id AS task_instance_job_id, task_instance.pool AS task_instance_pool, task_instance.pool_slots AS task_instance_pool_slots, task_instance.queue AS task_instance_queue, task_instance.priority_weight AS task_instance_priority_weight, task_instance.operator AS task_instance_operator, task_instance.custom_operator_name AS task_instance_custom_operator_name, task_instance.queued_dttm AS task_instance_queued_dttm, task_instance.queued_by_job_id AS task_instance_queued_by_job_id, task_instance.pid AS task_instance_pid, task_instance.executor_config AS task_instance_executor_config, task_instance.updated_at AS task_instance_updated_at, task_instance.rendered_map_index AS task_instance_rendered_map_index, task_instance.external_executor_id AS task_instance_external_executor_id, task_instance.trigger_id AS task_instance_trigger_id, task_instance.trigger_timeout AS task_instance_trigger_timeout, task_instance.next_method AS task_instance_next_method, task_instance.next_kwargs AS task_instance_next_kwargs, task_instance.task_display_name AS task_instance_task_display_name 
FROM task_instance 
WHERE task_instance.dag_id = %(dag_id_1)s AND task_instance.run_id = %(run_id_1)s AND task_instance.task_id = %(task_id_1)s AND task_instance.map_index = %(map_index_1)s FOR UPDATE]
[parameters: {'dag_id_1': 'pg_to_clickhouse_payload_parsing', 'run_id_1': 'scheduled__2026-01-08T16:37:30+00:00', 'task_id_1': 'transfer_raw_to_ch', 'map_index_1': -1}]
(Background on this error at: https://sqlalche.me/e/14/2j85); 256)
[2026-01-08T16:40:38.391+0000] {process_utils.py:80} INFO - Process psutil.Process(pid=256, status='terminated', exitcode=1, started='16:40:32') (256) terminated with exit code 1
