[2026-01-08T15:07:16.197+0000] {local_task_job_runner.py:120} INFO - ::group::Pre task execution logs
[2026-01-08T15:07:16.271+0000] {taskinstance.py:2076} INFO - Dependencies all met for dep_context=non-requeueable deps ti=<TaskInstance: pg_to_clickhouse_payload_parsing.transfer_raw_to_ch scheduled__2026-01-08T15:06:50+00:00 [queued]>
[2026-01-08T15:07:16.291+0000] {taskinstance.py:2076} INFO - Dependencies all met for dep_context=requeueable deps ti=<TaskInstance: pg_to_clickhouse_payload_parsing.transfer_raw_to_ch scheduled__2026-01-08T15:06:50+00:00 [queued]>
[2026-01-08T15:07:16.293+0000] {taskinstance.py:2306} INFO - Starting attempt 1 of 2
[2026-01-08T15:07:16.339+0000] {taskinstance.py:2330} INFO - Executing <Task(PythonOperator): transfer_raw_to_ch> on 2026-01-08 15:06:50+00:00
[2026-01-08T15:07:16.364+0000] {standard_task_runner.py:90} INFO - Running: ['airflow', 'tasks', 'run', 'pg_to_clickhouse_payload_parsing', 'transfer_raw_to_ch', 'scheduled__2026-01-08T15:06:50+00:00', '--job-id', '51', '--raw', '--subdir', 'DAGS_FOLDER/etl_postgres_to_clickhouse.py', '--cfg-path', '/tmp/tmpnbxn79vr']
[2026-01-08T15:07:16.370+0000] {standard_task_runner.py:91} INFO - Job 51: Subtask transfer_raw_to_ch
[2026-01-08T15:07:16.365+0000] {logging_mixin.py:188} WARNING - /home/airflow/.local/lib/python3.12/site-packages/airflow/task/task_runner/standard_task_runner.py:61 DeprecationWarning: This process (pid=188) is multi-threaded, use of fork() may lead to deadlocks in the child.
[2026-01-08T15:07:16.372+0000] {standard_task_runner.py:63} INFO - Started process 204 to run task
[2026-01-08T15:07:16.527+0000] {task_command.py:426} INFO - Running <TaskInstance: pg_to_clickhouse_payload_parsing.transfer_raw_to_ch scheduled__2026-01-08T15:06:50+00:00 [running]> on host 3f9ab6ed49f5
[2026-01-08T15:07:16.861+0000] {taskinstance.py:2648} INFO - Exporting env vars: AIRFLOW_CTX_DAG_OWNER='***' AIRFLOW_CTX_DAG_ID='pg_to_clickhouse_payload_parsing' AIRFLOW_CTX_TASK_ID='transfer_raw_to_ch' AIRFLOW_CTX_EXECUTION_DATE='2026-01-08T15:06:50+00:00' AIRFLOW_CTX_TRY_NUMBER='1' AIRFLOW_CTX_DAG_RUN_ID='scheduled__2026-01-08T15:06:50+00:00'
[2026-01-08T15:07:16.882+0000] {taskinstance.py:430} INFO - ::endgroup::
[2026-01-08T15:07:21.533+0000] {local_task_job_runner.py:222} INFO - ::endgroup::
[2026-01-08T15:07:21.560+0000] {process_utils.py:132} INFO - Sending 15 to group 204. PIDs of all processes in the group: [204]
[2026-01-08T15:07:21.561+0000] {process_utils.py:87} INFO - Sending the signal 15 to group 204
[2026-01-08T15:07:22.097+0000] {taskinstance.py:2611} ERROR - Received SIGTERM. Terminating subprocesses.
[2026-01-08T15:07:22.126+0000] {taskinstance.py:441} INFO - ::group::Post task execution logs
[2026-01-08T15:07:22.143+0000] {taskinstance.py:2905} ERROR - Task failed with exception
Traceback (most recent call last):
  File "/home/airflow/.local/lib/python3.12/site-packages/airflow/models/taskinstance.py", line 465, in _execute_task
    result = _execute_callable(context=context, **execute_callable_kwargs)
             ^^^^^^^^^^^^^^^^^^^^^^^^^^^^^^^^^^^^^^^^^^^^^^^^^^^^^^^^^^^^^
  File "/home/airflow/.local/lib/python3.12/site-packages/airflow/models/taskinstance.py", line 432, in _execute_callable
    return execute_callable(context=context, **execute_callable_kwargs)
           ^^^^^^^^^^^^^^^^^^^^^^^^^^^^^^^^^^^^^^^^^^^^^^^^^^^^^^^^^^^^
  File "/home/airflow/.local/lib/python3.12/site-packages/airflow/models/baseoperator.py", line 400, in wrapper
    return func(self, *args, **kwargs)
           ^^^^^^^^^^^^^^^^^^^^^^^^^^^
  File "/home/airflow/.local/lib/python3.12/site-packages/airflow/operators/python.py", line 235, in execute
    return_value = self.execute_callable()
                   ^^^^^^^^^^^^^^^^^^^^^^^
  File "/home/airflow/.local/lib/python3.12/site-packages/airflow/operators/python.py", line 252, in execute_callable
    return self.python_callable(*self.op_args, **self.op_kwargs)
           ^^^^^^^^^^^^^^^^^^^^^^^^^^^^^^^^^^^^^^^^^^^^^^^^^^^^^
  File "/opt/airflow/dags/etl_postgres_to_clickhouse.py", line 89, in transfer_to_clickhouse
    events = fetch_raw_events()
             ^^^^^^^^^^^^^^^^^^
  File "/opt/airflow/dags/etl_postgres_to_clickhouse.py", line 47, in fetch_raw_events
    rows = cur.fetchall()
           ^^^^^^^^^^^^^^
  File "/home/airflow/.local/lib/python3.12/site-packages/psycopg2/_json.py", line 162, in typecast_json
    return loads(s)
           ^^^^^^^^
  File "/usr/local/lib/python3.12/json/__init__.py", line 346, in loads
    return _default_decoder.decode(s)
           ^^^^^^^^^^^^^^^^^^^^^^^^^^
  File "/usr/local/lib/python3.12/json/decoder.py", line 337, in decode
    obj, end = self.raw_decode(s, idx=_w(s, 0).end())
                                      ^^^^^^^^^^^^^^
  File "/home/airflow/.local/lib/python3.12/site-packages/airflow/models/taskinstance.py", line 2613, in signal_handler
    raise AirflowTaskTerminated("Task received SIGTERM signal")
airflow.exceptions.AirflowTaskTerminated: Task received SIGTERM signal
[2026-01-08T15:07:22.177+0000] {taskinstance.py:1206} INFO - Marking task as UP_FOR_RETRY. dag_id=pg_to_clickhouse_payload_parsing, task_id=transfer_raw_to_ch, run_id=scheduled__2026-01-08T15:06:50+00:00, execution_date=20260108T150650, start_date=20260108T150716, end_date=20260108T150722
[2026-01-08T15:07:22.293+0000] {process_utils.py:80} INFO - Process psutil.Process(pid=204, status='terminated', exitcode=2, started='15:07:15') (204) terminated with exit code 2
