[2026-01-04T22:39:31.306+0000] {local_task_job_runner.py:120} INFO - ::group::Pre task execution logs
[2026-01-04T22:39:31.351+0000] {taskinstance.py:2076} INFO - Dependencies all met for dep_context=non-requeueable deps ti=<TaskInstance: pg_to_clickhouse_sliding_window.transfer_raw_to_ch scheduled__2026-01-04T22:39:20+00:00 [queued]>
[2026-01-04T22:39:31.363+0000] {taskinstance.py:2076} INFO - Dependencies all met for dep_context=requeueable deps ti=<TaskInstance: pg_to_clickhouse_sliding_window.transfer_raw_to_ch scheduled__2026-01-04T22:39:20+00:00 [queued]>
[2026-01-04T22:39:31.364+0000] {taskinstance.py:2306} INFO - Starting attempt 1 of 2
[2026-01-04T22:39:31.382+0000] {taskinstance.py:2330} INFO - Executing <Task(PythonOperator): transfer_raw_to_ch> on 2026-01-04 22:39:20+00:00
[2026-01-04T22:39:31.393+0000] {logging_mixin.py:188} WARNING - /home/airflow/.local/lib/python3.12/site-packages/airflow/task/task_runner/standard_task_runner.py:61 DeprecationWarning: This process (pid=510) is multi-threaded, use of fork() may lead to deadlocks in the child.
[2026-01-04T22:39:31.395+0000] {standard_task_runner.py:63} INFO - Started process 511 to run task
[2026-01-04T22:39:31.393+0000] {standard_task_runner.py:90} INFO - Running: ['airflow', 'tasks', 'run', 'pg_to_clickhouse_sliding_window', 'transfer_raw_to_ch', 'scheduled__2026-01-04T22:39:20+00:00', '--job-id', '37', '--raw', '--subdir', 'DAGS_FOLDER/etl_postgres_to_clickhouse.py', '--cfg-path', '/tmp/tmp_zwzyy_p']
[2026-01-04T22:39:31.397+0000] {standard_task_runner.py:91} INFO - Job 37: Subtask transfer_raw_to_ch
[2026-01-04T22:39:31.471+0000] {task_command.py:426} INFO - Running <TaskInstance: pg_to_clickhouse_sliding_window.transfer_raw_to_ch scheduled__2026-01-04T22:39:20+00:00 [running]> on host c251656452d2
[2026-01-04T22:39:31.604+0000] {taskinstance.py:2648} INFO - Exporting env vars: AIRFLOW_CTX_DAG_OWNER='***' AIRFLOW_CTX_DAG_ID='pg_to_clickhouse_sliding_window' AIRFLOW_CTX_TASK_ID='transfer_raw_to_ch' AIRFLOW_CTX_EXECUTION_DATE='2026-01-04T22:39:20+00:00' AIRFLOW_CTX_TRY_NUMBER='1' AIRFLOW_CTX_DAG_RUN_ID='scheduled__2026-01-04T22:39:20+00:00'
[2026-01-04T22:39:31.605+0000] {taskinstance.py:430} INFO - ::endgroup::
[2026-01-04T22:39:48.375+0000] {connection.py:482} WARNING - Error on socket shutdown: [Errno 107] Transport endpoint is not connected
[2026-01-04T22:39:48.376+0000] {taskinstance.py:441} INFO - ::group::Post task execution logs
[2026-01-04T22:39:48.379+0000] {taskinstance.py:2905} ERROR - Task failed with exception
Traceback (most recent call last):
  File "/home/airflow/.local/lib/python3.12/site-packages/airflow/models/taskinstance.py", line 465, in _execute_task
    result = _execute_callable(context=context, **execute_callable_kwargs)
             ^^^^^^^^^^^^^^^^^^^^^^^^^^^^^^^^^^^^^^^^^^^^^^^^^^^^^^^^^^^^^
  File "/home/airflow/.local/lib/python3.12/site-packages/airflow/models/taskinstance.py", line 432, in _execute_callable
    return execute_callable(context=context, **execute_callable_kwargs)
           ^^^^^^^^^^^^^^^^^^^^^^^^^^^^^^^^^^^^^^^^^^^^^^^^^^^^^^^^^^^^
  File "/home/airflow/.local/lib/python3.12/site-packages/airflow/models/baseoperator.py", line 400, in wrapper
    return func(self, *args, **kwargs)
           ^^^^^^^^^^^^^^^^^^^^^^^^^^^
  File "/home/airflow/.local/lib/python3.12/site-packages/airflow/operators/python.py", line 235, in execute
    return_value = self.execute_callable()
                   ^^^^^^^^^^^^^^^^^^^^^^^
  File "/home/airflow/.local/lib/python3.12/site-packages/airflow/operators/python.py", line 252, in execute_callable
    return self.python_callable(*self.op_args, **self.op_kwargs)
           ^^^^^^^^^^^^^^^^^^^^^^^^^^^^^^^^^^^^^^^^^^^^^^^^^^^^^
  File "/opt/airflow/dags/etl_postgres_to_clickhouse.py", line 85, in transfer_to_clickhouse
    client.execute("""
  File "/home/airflow/.local/lib/python3.12/site-packages/clickhouse_driver/client.py", line 376, in execute
    rv = self.process_insert_query(
         ^^^^^^^^^^^^^^^^^^^^^^^^^^
  File "/home/airflow/.local/lib/python3.12/site-packages/clickhouse_driver/client.py", line 607, in process_insert_query
    rv = self.send_data(sample_block, data,
         ^^^^^^^^^^^^^^^^^^^^^^^^^^^^^^^^^^
  File "/home/airflow/.local/lib/python3.12/site-packages/clickhouse_driver/client.py", line 670, in send_data
    self.receive_profile_events()
  File "/home/airflow/.local/lib/python3.12/site-packages/clickhouse_driver/client.py", line 747, in receive_profile_events
    raise packet.exception
clickhouse_driver.errors.ServerException: Code: 394.
DB::Exception: Query was cancelled. Stack trace:

0. DB::Exception::Exception(DB::Exception::MessageMasked&&, int, bool) @ 0x000000000c73ac37 in /usr/bin/clickhouse
1. DB::Exception::Exception<char const (&) [20]>(int, char const (&) [20]) @ 0x0000000007594280 in /usr/bin/clickhouse
2. DB::PipelineExecutor::finalizeExecution() @ 0x0000000013370f2b in /usr/bin/clickhouse
3. DB::PipelineExecutor::executeStep(std::atomic<bool>*) @ 0x000000001337106e in /usr/bin/clickhouse
4. DB::PushingPipelineExecutor::push(DB::Block) @ 0x000000001338307c in /usr/bin/clickhouse
5. DB::TCPHandler::runImpl() @ 0x00000000133136cc in /usr/bin/clickhouse
6. DB::TCPHandler::run() @ 0x0000000013325119 in /usr/bin/clickhouse
7. Poco::Net::TCPServerConnection::start() @ 0x0000000015d07754 in /usr/bin/clickhouse
8. Poco::Net::TCPServerDispatcher::run() @ 0x0000000015d08951 in /usr/bin/clickhouse
9. Poco::PooledThread::run() @ 0x0000000015e13fa7 in /usr/bin/clickhouse
10. Poco::ThreadImpl::runnableEntry(void*) @ 0x0000000015e1223c in /usr/bin/clickhouse
11. ? @ 0x000071db35dc4609 in ?
12. ? @ 0x000071db35ce9133 in ?

[2026-01-04T22:39:48.399+0000] {taskinstance.py:1206} INFO - Marking task as UP_FOR_RETRY. dag_id=pg_to_clickhouse_sliding_window, task_id=transfer_raw_to_ch, run_id=scheduled__2026-01-04T22:39:20+00:00, execution_date=20260104T223920, start_date=20260104T223931, end_date=20260104T223948
[2026-01-04T22:39:48.418+0000] {standard_task_runner.py:110} ERROR - Failed to execute job 37 for task transfer_raw_to_ch (Code: 394.
DB::Exception: Query was cancelled. Stack trace:

0. DB::Exception::Exception(DB::Exception::MessageMasked&&, int, bool) @ 0x000000000c73ac37 in /usr/bin/clickhouse
1. DB::Exception::Exception<char const (&) [20]>(int, char const (&) [20]) @ 0x0000000007594280 in /usr/bin/clickhouse
2. DB::PipelineExecutor::finalizeExecution() @ 0x0000000013370f2b in /usr/bin/clickhouse
3. DB::PipelineExecutor::executeStep(std::atomic<bool>*) @ 0x000000001337106e in /usr/bin/clickhouse
4. DB::PushingPipelineExecutor::push(DB::Block) @ 0x000000001338307c in /usr/bin/clickhouse
5. DB::TCPHandler::runImpl() @ 0x00000000133136cc in /usr/bin/clickhouse
6. DB::TCPHandler::run() @ 0x0000000013325119 in /usr/bin/clickhouse
7. Poco::Net::TCPServerConnection::start() @ 0x0000000015d07754 in /usr/bin/clickhouse
8. Poco::Net::TCPServerDispatcher::run() @ 0x0000000015d08951 in /usr/bin/clickhouse
9. Poco::PooledThread::run() @ 0x0000000015e13fa7 in /usr/bin/clickhouse
10. Poco::ThreadImpl::runnableEntry(void*) @ 0x0000000015e1223c in /usr/bin/clickhouse
11. ? @ 0x000071db35dc4609 in ?
12. ? @ 0x000071db35ce9133 in ?
; 511)
[2026-01-04T22:39:48.571+0000] {local_task_job_runner.py:240} INFO - Task exited with return code 1
[2026-01-04T22:39:48.603+0000] {taskinstance.py:3498} INFO - 0 downstream tasks scheduled from follow-on schedule check
[2026-01-04T22:39:48.606+0000] {local_task_job_runner.py:222} INFO - ::endgroup::
