[2026-01-04T22:03:31.015+0000] {local_task_job_runner.py:120} INFO - ::group::Pre task execution logs
[2026-01-04T22:03:31.048+0000] {taskinstance.py:2076} INFO - Dependencies all met for dep_context=non-requeueable deps ti=<TaskInstance: pg_to_clickhouse.transfer_raw_to_clickhouse scheduled__2026-01-04T22:03:20+00:00 [queued]>
[2026-01-04T22:03:31.057+0000] {taskinstance.py:2076} INFO - Dependencies all met for dep_context=requeueable deps ti=<TaskInstance: pg_to_clickhouse.transfer_raw_to_clickhouse scheduled__2026-01-04T22:03:20+00:00 [queued]>
[2026-01-04T22:03:31.057+0000] {taskinstance.py:2306} INFO - Starting attempt 1 of 2
[2026-01-04T22:03:31.071+0000] {taskinstance.py:2330} INFO - Executing <Task(PythonOperator): transfer_raw_to_clickhouse> on 2026-01-04 22:03:20+00:00
[2026-01-04T22:03:31.080+0000] {standard_task_runner.py:90} INFO - Running: ['airflow', 'tasks', 'run', 'pg_to_clickhouse', 'transfer_raw_to_clickhouse', 'scheduled__2026-01-04T22:03:20+00:00', '--job-id', '15', '--raw', '--subdir', 'DAGS_FOLDER/etl_postgres_to_clickhouse.py', '--cfg-path', '/tmp/tmpkvqpv46u']
[2026-01-04T22:03:31.082+0000] {standard_task_runner.py:91} INFO - Job 15: Subtask transfer_raw_to_clickhouse
[2026-01-04T22:03:31.082+0000] {logging_mixin.py:188} WARNING - /home/airflow/.local/lib/python3.12/site-packages/airflow/task/task_runner/standard_task_runner.py:61 DeprecationWarning: This process (pid=323) is multi-threaded, use of fork() may lead to deadlocks in the child.
[2026-01-04T22:03:31.083+0000] {standard_task_runner.py:63} INFO - Started process 324 to run task
[2026-01-04T22:03:31.146+0000] {task_command.py:426} INFO - Running <TaskInstance: pg_to_clickhouse.transfer_raw_to_clickhouse scheduled__2026-01-04T22:03:20+00:00 [running]> on host ef9102b75e7b
[2026-01-04T22:03:31.251+0000] {taskinstance.py:2648} INFO - Exporting env vars: AIRFLOW_CTX_DAG_OWNER='***' AIRFLOW_CTX_DAG_ID='pg_to_clickhouse' AIRFLOW_CTX_TASK_ID='transfer_raw_to_clickhouse' AIRFLOW_CTX_EXECUTION_DATE='2026-01-04T22:03:20+00:00' AIRFLOW_CTX_TRY_NUMBER='1' AIRFLOW_CTX_DAG_RUN_ID='scheduled__2026-01-04T22:03:20+00:00'
[2026-01-04T22:03:31.252+0000] {taskinstance.py:430} INFO - ::endgroup::
[2026-01-04T22:03:31.273+0000] {logging_mixin.py:188} INFO - Last created_at in ClickHouse: 2026-01-04 22:01:56
[2026-01-04T22:03:31.323+0000] {logging_mixin.py:188} INFO - Transferred 821 new events to ClickHouse
[2026-01-04T22:03:31.325+0000] {python.py:237} INFO - Done. Returned value was: None
[2026-01-04T22:03:31.326+0000] {taskinstance.py:441} INFO - ::group::Post task execution logs
[2026-01-04T22:03:31.338+0000] {taskinstance.py:1206} INFO - Marking task as SUCCESS. dag_id=pg_to_clickhouse, task_id=transfer_raw_to_clickhouse, run_id=scheduled__2026-01-04T22:03:20+00:00, execution_date=20260104T220320, start_date=20260104T220331, end_date=20260104T220331
[2026-01-04T22:03:31.378+0000] {local_task_job_runner.py:240} INFO - Task exited with return code 0
[2026-01-04T22:03:31.398+0000] {taskinstance.py:3498} INFO - 0 downstream tasks scheduled from follow-on schedule check
[2026-01-04T22:03:31.402+0000] {local_task_job_runner.py:222} INFO - ::endgroup::
