[2026-01-06T13:03:36.957+0000] {local_task_job_runner.py:120} INFO - ::group::Pre task execution logs
[2026-01-06T13:03:37.492+0000] {taskinstance.py:2076} INFO - Dependencies all met for dep_context=non-requeueable deps ti=<TaskInstance: pg_to_clickhouse_sliding_window.transfer_raw_to_ch scheduled__2026-01-06T13:03:00+00:00 [queued]>
[2026-01-06T13:03:37.615+0000] {taskinstance.py:2076} INFO - Dependencies all met for dep_context=requeueable deps ti=<TaskInstance: pg_to_clickhouse_sliding_window.transfer_raw_to_ch scheduled__2026-01-06T13:03:00+00:00 [queued]>
[2026-01-06T13:03:37.621+0000] {taskinstance.py:2306} INFO - Starting attempt 1 of 2
[2026-01-06T13:03:39.146+0000] {taskinstance.py:2330} INFO - Executing <Task(PythonOperator): transfer_raw_to_ch> on 2026-01-06 13:03:00+00:00
[2026-01-06T13:03:39.212+0000] {standard_task_runner.py:90} INFO - Running: ['airflow', 'tasks', 'run', 'pg_to_clickhouse_sliding_window', 'transfer_raw_to_ch', 'scheduled__2026-01-06T13:03:00+00:00', '--job-id', '133', '--raw', '--subdir', 'DAGS_FOLDER/etl_postgres_to_clickhouse.py', '--cfg-path', '/tmp/tmpvdl1fr9i']
[2026-01-06T13:03:39.224+0000] {standard_task_runner.py:91} INFO - Job 133: Subtask transfer_raw_to_ch
[2026-01-06T13:03:40.176+0000] {logging_mixin.py:188} WARNING - /home/airflow/.local/lib/python3.12/site-packages/airflow/task/task_runner/standard_task_runner.py:61 DeprecationWarning: This process (pid=253) is multi-threaded, use of fork() may lead to deadlocks in the child.
[2026-01-06T13:03:40.180+0000] {standard_task_runner.py:63} INFO - Started process 260 to run task
[2026-01-06T13:03:43.879+0000] {task_command.py:426} INFO - Running <TaskInstance: pg_to_clickhouse_sliding_window.transfer_raw_to_ch scheduled__2026-01-06T13:03:00+00:00 [running]> on host 1e9745daf3bd
[2026-01-06T13:03:48.396+0000] {taskinstance.py:2648} INFO - Exporting env vars: AIRFLOW_CTX_DAG_OWNER='***' AIRFLOW_CTX_DAG_ID='pg_to_clickhouse_sliding_window' AIRFLOW_CTX_TASK_ID='transfer_raw_to_ch' AIRFLOW_CTX_EXECUTION_DATE='2026-01-06T13:03:00+00:00' AIRFLOW_CTX_TRY_NUMBER='1' AIRFLOW_CTX_DAG_RUN_ID='scheduled__2026-01-06T13:03:00+00:00'
[2026-01-06T13:03:48.473+0000] {taskinstance.py:430} INFO - ::endgroup::
[2026-01-06T13:10:35.457+0000] {taskinstance.py:441} INFO - ::group::Post task execution logs
[2026-01-06T13:10:47.912+0000] {taskinstance.py:2905} ERROR - Task failed with exception
Traceback (most recent call last):
  File "/home/airflow/.local/lib/python3.12/site-packages/airflow/models/taskinstance.py", line 465, in _execute_task
    result = _execute_callable(context=context, **execute_callable_kwargs)
             ^^^^^^^^^^^^^^^^^^^^^^^^^^^^^^^^^^^^^^^^^^^^^^^^^^^^^^^^^^^^^
  File "/home/airflow/.local/lib/python3.12/site-packages/airflow/models/taskinstance.py", line 432, in _execute_callable
    return execute_callable(context=context, **execute_callable_kwargs)
           ^^^^^^^^^^^^^^^^^^^^^^^^^^^^^^^^^^^^^^^^^^^^^^^^^^^^^^^^^^^^
  File "/home/airflow/.local/lib/python3.12/site-packages/airflow/models/baseoperator.py", line 400, in wrapper
    return func(self, *args, **kwargs)
           ^^^^^^^^^^^^^^^^^^^^^^^^^^^
  File "/home/airflow/.local/lib/python3.12/site-packages/airflow/operators/python.py", line 235, in execute
    return_value = self.execute_callable()
                   ^^^^^^^^^^^^^^^^^^^^^^^
  File "/home/airflow/.local/lib/python3.12/site-packages/airflow/operators/python.py", line 252, in execute_callable
    return self.python_callable(*self.op_args, **self.op_kwargs)
           ^^^^^^^^^^^^^^^^^^^^^^^^^^^^^^^^^^^^^^^^^^^^^^^^^^^^^
  File "/opt/airflow/dags/etl_postgres_to_clickhouse.py", line 85, in transfer_to_clickhouse
    client.execute("""
  File "/home/airflow/.local/lib/python3.12/site-packages/clickhouse_driver/client.py", line 376, in execute
    rv = self.process_insert_query(
         ^^^^^^^^^^^^^^^^^^^^^^^^^^
  File "/home/airflow/.local/lib/python3.12/site-packages/clickhouse_driver/client.py", line 607, in process_insert_query
    rv = self.send_data(sample_block, data,
         ^^^^^^^^^^^^^^^^^^^^^^^^^^^^^^^^^^
  File "/home/airflow/.local/lib/python3.12/site-packages/clickhouse_driver/client.py", line 660, in send_data
    self.connection.send_data(block)
  File "/home/airflow/.local/lib/python3.12/site-packages/clickhouse_driver/connection.py", line 720, in send_data
    self.block_out.write(block)
  File "/home/airflow/.local/lib/python3.12/site-packages/clickhouse_driver/streams/native.py", line 48, in write
    write_column(self.context, col_name, col_type, items,
  File "/home/airflow/.local/lib/python3.12/site-packages/clickhouse_driver/columns/service.py", line 167, in write_column
    column.write_data(items, buf)
  File "/home/airflow/.local/lib/python3.12/site-packages/clickhouse_driver/columns/base.py", line 145, in write_data
    self._write_data(items, buf)
  File "/home/airflow/.local/lib/python3.12/site-packages/clickhouse_driver/columns/base.py", line 149, in _write_data
    self.write_items(prepared, buf)
  File "/home/airflow/.local/lib/python3.12/site-packages/clickhouse_driver/columns/stringcolumn.py", line 18, in write_items
    buf.write_strings(items, encoding=self.encoding)
  File "clickhouse_driver/bufferedwriter.pyx", line 59, in clickhouse_driver.bufferedwriter.BufferedWriter.write_strings
  File "clickhouse_driver/bufferedwriter.pyx", line 40, in clickhouse_driver.bufferedwriter.BufferedWriter.write
  File "clickhouse_driver/bufferedwriter.pyx", line 127, in clickhouse_driver.bufferedwriter.BufferedSocketWriter.write_into_stream
TimeoutError: timed out
