[2026-01-08T15:03:06.254+0000] {local_task_job_runner.py:120} INFO - ::group::Pre task execution logs
[2026-01-08T15:03:06.388+0000] {taskinstance.py:2076} INFO - Dependencies all met for dep_context=non-requeueable deps ti=<TaskInstance: pg_to_clickhouse_payload_parsing.transfer_raw_to_ch scheduled__2026-01-08T15:01:30+00:00 [queued]>
[2026-01-08T15:03:06.451+0000] {taskinstance.py:2076} INFO - Dependencies all met for dep_context=requeueable deps ti=<TaskInstance: pg_to_clickhouse_payload_parsing.transfer_raw_to_ch scheduled__2026-01-08T15:01:30+00:00 [queued]>
[2026-01-08T15:03:06.452+0000] {taskinstance.py:2306} INFO - Starting attempt 1 of 2
[2026-01-08T15:03:06.530+0000] {taskinstance.py:2330} INFO - Executing <Task(PythonOperator): transfer_raw_to_ch> on 2026-01-08 15:01:30+00:00
[2026-01-08T15:03:06.548+0000] {logging_mixin.py:188} WARNING - /home/airflow/.local/lib/python3.12/site-packages/airflow/task/task_runner/standard_task_runner.py:61 DeprecationWarning: This process (pid=177) is multi-threaded, use of fork() may lead to deadlocks in the child.
[2026-01-08T15:03:06.550+0000] {standard_task_runner.py:63} INFO - Started process 193 to run task
[2026-01-08T15:03:06.562+0000] {standard_task_runner.py:90} INFO - Running: ['airflow', 'tasks', 'run', 'pg_to_clickhouse_payload_parsing', 'transfer_raw_to_ch', 'scheduled__2026-01-08T15:01:30+00:00', '--job-id', '17', '--raw', '--subdir', 'DAGS_FOLDER/etl_postgres_to_clickhouse.py', '--cfg-path', '/tmp/tmpjy79kul8']
[2026-01-08T15:03:06.569+0000] {standard_task_runner.py:91} INFO - Job 17: Subtask transfer_raw_to_ch
[2026-01-08T15:03:06.736+0000] {task_command.py:426} INFO - Running <TaskInstance: pg_to_clickhouse_payload_parsing.transfer_raw_to_ch scheduled__2026-01-08T15:01:30+00:00 [running]> on host 3f9ab6ed49f5
[2026-01-08T15:03:08.455+0000] {taskinstance.py:2905} ERROR - Task failed with exception
Traceback (most recent call last):
  File "/home/airflow/.local/lib/python3.12/site-packages/sqlalchemy/engine/base.py", line 1910, in _execute_context
    self.dialect.do_execute(
  File "/home/airflow/.local/lib/python3.12/site-packages/sqlalchemy/engine/default.py", line 736, in do_execute
    cursor.execute(statement, parameters)
psycopg2.errors.InFailedSqlTransaction: current transaction is aborted, commands ignored until end of transaction block


The above exception was the direct cause of the following exception:

Traceback (most recent call last):
  File "/home/airflow/.local/lib/python3.12/site-packages/airflow/models/taskinstance.py", line 2479, in _run_raw_task
    self._execute_task_with_callbacks(context, test_mode, session=session)
  File "/home/airflow/.local/lib/python3.12/site-packages/airflow/models/taskinstance.py", line 2638, in _execute_task_with_callbacks
    RenderedTaskInstanceFields.delete_old_records(self.task_id, self.dag_id)
  File "/home/airflow/.local/lib/python3.12/site-packages/airflow/utils/session.py", line 79, in wrapper
    return func(*args, session=session, **kwargs)
           ^^^^^^^^^^^^^^^^^^^^^^^^^^^^^^^^^^^^^^
  File "/home/airflow/.local/lib/python3.12/site-packages/airflow/models/renderedtifields.py", line 235, in delete_old_records
    cls._do_delete_old_records(
  File "/home/airflow/.local/lib/python3.12/site-packages/airflow/utils/retries.py", line 89, in wrapped_function
    for attempt in run_with_db_retries(max_retries=retries, logger=logger, **retry_kwargs):
  File "/home/airflow/.local/lib/python3.12/site-packages/tenacity/__init__.py", line 347, in __iter__
    do = self.iter(retry_state=retry_state)
         ^^^^^^^^^^^^^^^^^^^^^^^^^^^^^^^^^^
  File "/home/airflow/.local/lib/python3.12/site-packages/tenacity/__init__.py", line 325, in iter
    raise retry_exc.reraise()
          ^^^^^^^^^^^^^^^^^^^
  File "/home/airflow/.local/lib/python3.12/site-packages/tenacity/__init__.py", line 158, in reraise
    raise self.last_attempt.result()
          ^^^^^^^^^^^^^^^^^^^^^^^^^^
  File "/usr/local/lib/python3.12/concurrent/futures/_base.py", line 449, in result
    return self.__get_result()
           ^^^^^^^^^^^^^^^^^^^
  File "/usr/local/lib/python3.12/concurrent/futures/_base.py", line 401, in __get_result
    raise self._exception
  File "/home/airflow/.local/lib/python3.12/site-packages/airflow/utils/retries.py", line 98, in wrapped_function
    return func(*args, **kwargs)
           ^^^^^^^^^^^^^^^^^^^^^
  File "/home/airflow/.local/lib/python3.12/site-packages/airflow/models/renderedtifields.py", line 269, in _do_delete_old_records
    session.execute(stmt)
  File "/home/airflow/.local/lib/python3.12/site-packages/sqlalchemy/orm/session.py", line 1717, in execute
    result = conn._execute_20(statement, params or {}, execution_options)
             ^^^^^^^^^^^^^^^^^^^^^^^^^^^^^^^^^^^^^^^^^^^^^^^^^^^^^^^^^^^^
  File "/home/airflow/.local/lib/python3.12/site-packages/sqlalchemy/engine/base.py", line 1710, in _execute_20
    return meth(self, args_10style, kwargs_10style, execution_options)
           ^^^^^^^^^^^^^^^^^^^^^^^^^^^^^^^^^^^^^^^^^^^^^^^^^^^^^^^^^^^
  File "/home/airflow/.local/lib/python3.12/site-packages/sqlalchemy/sql/elements.py", line 334, in _execute_on_connection
    return connection._execute_clauseelement(
           ^^^^^^^^^^^^^^^^^^^^^^^^^^^^^^^^^^
  File "/home/airflow/.local/lib/python3.12/site-packages/sqlalchemy/engine/base.py", line 1577, in _execute_clauseelement
    ret = self._execute_context(
          ^^^^^^^^^^^^^^^^^^^^^^
  File "/home/airflow/.local/lib/python3.12/site-packages/sqlalchemy/engine/base.py", line 1953, in _execute_context
    self._handle_dbapi_exception(
  File "/home/airflow/.local/lib/python3.12/site-packages/sqlalchemy/engine/base.py", line 2134, in _handle_dbapi_exception
    util.raise_(
  File "/home/airflow/.local/lib/python3.12/site-packages/sqlalchemy/util/compat.py", line 211, in raise_
    raise exception
  File "/home/airflow/.local/lib/python3.12/site-packages/sqlalchemy/engine/base.py", line 1910, in _execute_context
    self.dialect.do_execute(
  File "/home/airflow/.local/lib/python3.12/site-packages/sqlalchemy/engine/default.py", line 736, in do_execute
    cursor.execute(statement, parameters)
sqlalchemy.exc.InternalError: (psycopg2.errors.InFailedSqlTransaction) current transaction is aborted, commands ignored until end of transaction block

[SQL: DELETE FROM rendered_task_instance_fields WHERE rendered_task_instance_fields.dag_id = %(dag_id_1)s AND rendered_task_instance_fields.task_id = %(task_id_1)s AND NOT (EXISTS (SELECT 1 
FROM (SELECT DISTINCT rendered_task_instance_fields.dag_id AS dag_id, rendered_task_instance_fields.task_id AS task_id, rendered_task_instance_fields.run_id AS run_id, dag_run.execution_date AS execution_date 
FROM rendered_task_instance_fields JOIN dag_run ON rendered_task_instance_fields.dag_id = dag_run.dag_id AND rendered_task_instance_fields.run_id = dag_run.run_id 
WHERE rendered_task_instance_fields.dag_id = %(dag_id_2)s AND rendered_task_instance_fields.task_id = %(task_id_2)s ORDER BY dag_run.execution_date DESC 
 LIMIT %(param_1)s) AS anon_1 
WHERE anon_1.dag_id = rendered_task_instance_fields.dag_id AND anon_1.task_id = rendered_task_instance_fields.task_id AND anon_1.run_id = rendered_task_instance_fields.run_id))]
[parameters: {'dag_id_1': 'pg_to_clickhouse_payload_parsing', 'task_id_1': 'transfer_raw_to_ch', 'dag_id_2': 'pg_to_clickhouse_payload_parsing', 'task_id_2': 'transfer_raw_to_ch', 'param_1': 30}]
(Background on this error at: https://sqlalche.me/e/14/2j85)
[2026-01-08T15:03:08.483+0000] {taskinstance.py:1206} INFO - Marking task as UP_FOR_RETRY. dag_id=pg_to_clickhouse_payload_parsing, task_id=transfer_raw_to_ch, run_id=scheduled__2026-01-08T15:01:30+00:00, execution_date=20260108T150130, start_date=20260108T150306, end_date=20260108T150308
[2026-01-08T15:03:08.499+0000] {standard_task_runner.py:110} ERROR - Failed to execute job 17 for task transfer_raw_to_ch ((psycopg2.errors.ReadOnlySqlTransaction) cannot execute INSERT in a read-only transaction

[SQL: INSERT INTO log (dttm, dag_id, task_id, map_index, event, execution_date, run_id, owner, owner_display_name, extra) VALUES (%(dttm)s, %(dag_id)s, %(task_id)s, %(map_index)s, %(event)s, %(execution_date)s, %(run_id)s, %(owner)s, %(owner_display_name)s, %(extra)s) RETURNING log.id]
[parameters: {'dttm': datetime.datetime(2026, 1, 8, 15, 3, 8, 482113, tzinfo=Timezone('UTC')), 'dag_id': 'pg_to_clickhouse_payload_parsing', 'task_id': 'transfer_raw_to_ch', 'map_index': -1, 'event': 'failed', 'execution_date': datetime.datetime(2026, 1, 8, 15, 1, 30, tzinfo=Timezone('UTC')), 'run_id': 'scheduled__2026-01-08T15:01:30+00:00', 'owner': 'clickstream', 'owner_display_name': None, 'extra': None}]
(Background on this error at: https://sqlalche.me/e/14/2j85); 193)
[2026-01-08T15:03:08.530+0000] {local_task_job_runner.py:240} INFO - Task exited with return code 1
[2026-01-08T15:03:08.549+0000] {local_task_job_runner.py:222} INFO - ::endgroup::
