[2026-01-08T16:51:53.794+0000] {local_task_job_runner.py:120} INFO - ::group::Pre task execution logs
[2026-01-08T16:53:05.809+0000] {local_task_job_runner.py:120} INFO - ::group::Pre task execution logs
[2026-01-08T16:53:05.885+0000] {taskinstance.py:2076} INFO - Dependencies all met for dep_context=non-requeueable deps ti=<TaskInstance: pg_to_clickhouse_payload_parsing.transfer_raw_to_ch scheduled__2026-01-08T16:50:50+00:00 [queued]>
[2026-01-08T16:53:05.920+0000] {taskinstance.py:2076} INFO - Dependencies all met for dep_context=requeueable deps ti=<TaskInstance: pg_to_clickhouse_payload_parsing.transfer_raw_to_ch scheduled__2026-01-08T16:50:50+00:00 [queued]>
[2026-01-08T16:53:05.921+0000] {taskinstance.py:2306} INFO - Starting attempt 2 of 2
[2026-01-08T16:53:05.970+0000] {taskinstance.py:2330} INFO - Executing <Task(PythonOperator): transfer_raw_to_ch> on 2026-01-08 16:50:50+00:00
[2026-01-08T16:53:06.005+0000] {logging_mixin.py:188} WARNING - /home/airflow/.local/lib/python3.12/site-packages/airflow/task/task_runner/standard_task_runner.py:61 DeprecationWarning: This process (pid=196) is multi-threaded, use of fork() may lead to deadlocks in the child.
[2026-01-08T16:53:06.012+0000] {standard_task_runner.py:63} INFO - Started process 202 to run task
[2026-01-08T16:53:06.032+0000] {standard_task_runner.py:90} INFO - Running: ['airflow', 'tasks', 'run', 'pg_to_clickhouse_payload_parsing', 'transfer_raw_to_ch', 'scheduled__2026-01-08T16:50:50+00:00', '--job-id', '10', '--raw', '--subdir', 'DAGS_FOLDER/etl_postgres_to_clickhouse.py', '--cfg-path', '/tmp/tmpf_mmp2qz']
[2026-01-08T16:53:06.050+0000] {standard_task_runner.py:91} INFO - Job 10: Subtask transfer_raw_to_ch
[2026-01-08T16:53:06.168+0000] {task_command.py:426} INFO - Running <TaskInstance: pg_to_clickhouse_payload_parsing.transfer_raw_to_ch scheduled__2026-01-08T16:50:50+00:00 [running]> on host 2ce564fa7520
[2026-01-08T16:53:06.443+0000] {taskinstance.py:2648} INFO - Exporting env vars: AIRFLOW_CTX_DAG_OWNER='***' AIRFLOW_CTX_DAG_ID='pg_to_clickhouse_payload_parsing' AIRFLOW_CTX_TASK_ID='transfer_raw_to_ch' AIRFLOW_CTX_EXECUTION_DATE='2026-01-08T16:50:50+00:00' AIRFLOW_CTX_TRY_NUMBER='2' AIRFLOW_CTX_DAG_RUN_ID='scheduled__2026-01-08T16:50:50+00:00'
[2026-01-08T16:53:06.446+0000] {taskinstance.py:430} INFO - ::endgroup::
[2026-01-08T16:53:11.201+0000] {logging_mixin.py:188} INFO - Transferred 34902 events to ClickHouse
[2026-01-08T16:53:11.756+0000] {python.py:237} INFO - Done. Returned value was: None
[2026-01-08T16:53:11.761+0000] {taskinstance.py:441} INFO - ::group::Post task execution logs
[2026-01-08T16:53:11.965+0000] {taskinstance.py:1206} INFO - Marking task as SUCCESS. dag_id=pg_to_clickhouse_payload_parsing, task_id=transfer_raw_to_ch, run_id=scheduled__2026-01-08T16:50:50+00:00, execution_date=20260108T165050, start_date=20260108T165305, end_date=20260108T165311
[2026-01-08T16:53:12.270+0000] {local_task_job_runner.py:240} INFO - Task exited with return code 0
[2026-01-08T16:53:12.471+0000] {taskinstance.py:3498} INFO - 0 downstream tasks scheduled from follow-on schedule check
[2026-01-08T16:53:12.527+0000] {local_task_job_runner.py:222} INFO - ::endgroup::
