[2026-01-06T14:00:41.562+0000] {local_task_job_runner.py:120} INFO - ::group::Pre task execution logs
[2026-01-06T14:00:41.602+0000] {taskinstance.py:2076} INFO - Dependencies all met for dep_context=non-requeueable deps ti=<TaskInstance: pg_to_clickhouse_sliding_window.transfer_raw_to_ch scheduled__2026-01-06T14:00:30+00:00 [queued]>
[2026-01-06T14:00:41.615+0000] {taskinstance.py:2076} INFO - Dependencies all met for dep_context=requeueable deps ti=<TaskInstance: pg_to_clickhouse_sliding_window.transfer_raw_to_ch scheduled__2026-01-06T14:00:30+00:00 [queued]>
[2026-01-06T14:00:41.616+0000] {taskinstance.py:2306} INFO - Starting attempt 1 of 2
[2026-01-06T14:00:41.642+0000] {taskinstance.py:2330} INFO - Executing <Task(PythonOperator): transfer_raw_to_ch> on 2026-01-06 14:00:30+00:00
[2026-01-06T14:00:41.656+0000] {logging_mixin.py:188} WARNING - /home/airflow/.local/lib/python3.12/site-packages/airflow/task/task_runner/standard_task_runner.py:61 DeprecationWarning: This process (pid=701) is multi-threaded, use of fork() may lead to deadlocks in the child.
[2026-01-06T14:00:41.658+0000] {standard_task_runner.py:63} INFO - Started process 702 to run task
[2026-01-06T14:00:41.656+0000] {standard_task_runner.py:90} INFO - Running: ['airflow', 'tasks', 'run', 'pg_to_clickhouse_sliding_window', 'transfer_raw_to_ch', 'scheduled__2026-01-06T14:00:30+00:00', '--job-id', '62', '--raw', '--subdir', 'DAGS_FOLDER/etl_postgres_to_clickhouse.py', '--cfg-path', '/tmp/tmpe5pms047']
[2026-01-06T14:00:41.659+0000] {standard_task_runner.py:91} INFO - Job 62: Subtask transfer_raw_to_ch
[2026-01-06T14:00:41.776+0000] {task_command.py:426} INFO - Running <TaskInstance: pg_to_clickhouse_sliding_window.transfer_raw_to_ch scheduled__2026-01-06T14:00:30+00:00 [running]> on host ae88ece845c9
[2026-01-06T14:00:41.969+0000] {taskinstance.py:2648} INFO - Exporting env vars: AIRFLOW_CTX_DAG_OWNER='***' AIRFLOW_CTX_DAG_ID='pg_to_clickhouse_sliding_window' AIRFLOW_CTX_TASK_ID='transfer_raw_to_ch' AIRFLOW_CTX_EXECUTION_DATE='2026-01-06T14:00:30+00:00' AIRFLOW_CTX_TRY_NUMBER='1' AIRFLOW_CTX_DAG_RUN_ID='scheduled__2026-01-06T14:00:30+00:00'
[2026-01-06T14:00:41.971+0000] {taskinstance.py:430} INFO - ::endgroup::
[2026-01-06T14:00:59.428+0000] {taskinstance.py:441} INFO - ::group::Post task execution logs
[2026-01-06T14:00:59.429+0000] {taskinstance.py:2905} ERROR - Task failed with exception
Traceback (most recent call last):
  File "/home/airflow/.local/lib/python3.12/site-packages/airflow/models/taskinstance.py", line 465, in _execute_task
    result = _execute_callable(context=context, **execute_callable_kwargs)
             ^^^^^^^^^^^^^^^^^^^^^^^^^^^^^^^^^^^^^^^^^^^^^^^^^^^^^^^^^^^^^
  File "/home/airflow/.local/lib/python3.12/site-packages/airflow/models/taskinstance.py", line 432, in _execute_callable
    return execute_callable(context=context, **execute_callable_kwargs)
           ^^^^^^^^^^^^^^^^^^^^^^^^^^^^^^^^^^^^^^^^^^^^^^^^^^^^^^^^^^^^
  File "/home/airflow/.local/lib/python3.12/site-packages/airflow/models/baseoperator.py", line 400, in wrapper
    return func(self, *args, **kwargs)
           ^^^^^^^^^^^^^^^^^^^^^^^^^^^
  File "/home/airflow/.local/lib/python3.12/site-packages/airflow/operators/python.py", line 235, in execute
    return_value = self.execute_callable()
                   ^^^^^^^^^^^^^^^^^^^^^^^
  File "/home/airflow/.local/lib/python3.12/site-packages/airflow/operators/python.py", line 252, in execute_callable
    return self.python_callable(*self.op_args, **self.op_kwargs)
           ^^^^^^^^^^^^^^^^^^^^^^^^^^^^^^^^^^^^^^^^^^^^^^^^^^^^^
  File "/opt/airflow/dags/etl_postgres_to_clickhouse.py", line 85, in transfer_to_clickhouse
    client.execute("""
  File "/home/airflow/.local/lib/python3.12/site-packages/clickhouse_driver/client.py", line 376, in execute
    rv = self.process_insert_query(
         ^^^^^^^^^^^^^^^^^^^^^^^^^^
  File "/home/airflow/.local/lib/python3.12/site-packages/clickhouse_driver/client.py", line 607, in process_insert_query
    rv = self.send_data(sample_block, data,
         ^^^^^^^^^^^^^^^^^^^^^^^^^^^^^^^^^^
  File "/home/airflow/.local/lib/python3.12/site-packages/clickhouse_driver/client.py", line 670, in send_data
    self.receive_profile_events()
  File "/home/airflow/.local/lib/python3.12/site-packages/clickhouse_driver/client.py", line 734, in receive_profile_events
    packet = self.connection.receive_packet()
             ^^^^^^^^^^^^^^^^^^^^^^^^^^^^^^^^
  File "/home/airflow/.local/lib/python3.12/site-packages/clickhouse_driver/connection.py", line 609, in receive_packet
    packet.type = packet_type = read_varint(self.fin)
                                ^^^^^^^^^^^^^^^^^^^^^
  File "clickhouse_driver/varint.pyx", line 62, in clickhouse_driver.varint.read_varint
  File "clickhouse_driver/bufferedreader.pyx", line 55, in clickhouse_driver.bufferedreader.BufferedReader.read_one
  File "clickhouse_driver/bufferedreader.pyx", line 240, in clickhouse_driver.bufferedreader.BufferedSocketReader.read_into_buffer
EOFError: Unexpected EOF while reading bytes
[2026-01-06T14:00:59.450+0000] {taskinstance.py:1206} INFO - Marking task as UP_FOR_RETRY. dag_id=pg_to_clickhouse_sliding_window, task_id=transfer_raw_to_ch, run_id=scheduled__2026-01-06T14:00:30+00:00, execution_date=20260106T140030, start_date=20260106T140041, end_date=20260106T140059
[2026-01-06T14:00:59.479+0000] {standard_task_runner.py:110} ERROR - Failed to execute job 62 for task transfer_raw_to_ch (Unexpected EOF while reading bytes; 702)
[2026-01-06T14:00:59.641+0000] {local_task_job_runner.py:240} INFO - Task exited with return code 1
[2026-01-06T14:00:59.673+0000] {taskinstance.py:3498} INFO - 0 downstream tasks scheduled from follow-on schedule check
[2026-01-06T14:00:59.676+0000] {local_task_job_runner.py:222} INFO - ::endgroup::
