[2026-01-04T22:00:20.898+0000] {local_task_job_runner.py:120} INFO - ::group::Pre task execution logs
[2026-01-04T22:00:20.932+0000] {taskinstance.py:2076} INFO - Dependencies all met for dep_context=non-requeueable deps ti=<TaskInstance: pg_to_clickhouse.transfer_raw_to_clickhouse scheduled__2026-01-04T22:00:10+00:00 [queued]>
[2026-01-04T22:00:20.941+0000] {taskinstance.py:2076} INFO - Dependencies all met for dep_context=requeueable deps ti=<TaskInstance: pg_to_clickhouse.transfer_raw_to_clickhouse scheduled__2026-01-04T22:00:10+00:00 [queued]>
[2026-01-04T22:00:20.941+0000] {taskinstance.py:2306} INFO - Starting attempt 1 of 2
[2026-01-04T22:00:20.958+0000] {taskinstance.py:2330} INFO - Executing <Task(PythonOperator): transfer_raw_to_clickhouse> on 2026-01-04 22:00:10+00:00
[2026-01-04T22:00:20.966+0000] {logging_mixin.py:188} WARNING - /home/airflow/.local/lib/python3.12/site-packages/airflow/task/task_runner/standard_task_runner.py:61 DeprecationWarning: This process (pid=594) is multi-threaded, use of fork() may lead to deadlocks in the child.
[2026-01-04T22:00:20.967+0000] {standard_task_runner.py:63} INFO - Started process 595 to run task
[2026-01-04T22:00:20.966+0000] {standard_task_runner.py:90} INFO - Running: ['airflow', 'tasks', 'run', 'pg_to_clickhouse', 'transfer_raw_to_clickhouse', 'scheduled__2026-01-04T22:00:10+00:00', '--job-id', '46', '--raw', '--subdir', 'DAGS_FOLDER/etl_postgres_to_clickhouse.py', '--cfg-path', '/tmp/tmp7y6xqkir']
[2026-01-04T22:00:20.968+0000] {standard_task_runner.py:91} INFO - Job 46: Subtask transfer_raw_to_clickhouse
[2026-01-04T22:00:21.029+0000] {task_command.py:426} INFO - Running <TaskInstance: pg_to_clickhouse.transfer_raw_to_clickhouse scheduled__2026-01-04T22:00:10+00:00 [running]> on host 86f269ad28e5
[2026-01-04T22:00:21.137+0000] {taskinstance.py:2648} INFO - Exporting env vars: AIRFLOW_CTX_DAG_OWNER='***' AIRFLOW_CTX_DAG_ID='pg_to_clickhouse' AIRFLOW_CTX_TASK_ID='transfer_raw_to_clickhouse' AIRFLOW_CTX_EXECUTION_DATE='2026-01-04T22:00:10+00:00' AIRFLOW_CTX_TRY_NUMBER='1' AIRFLOW_CTX_DAG_RUN_ID='scheduled__2026-01-04T22:00:10+00:00'
[2026-01-04T22:00:21.138+0000] {taskinstance.py:430} INFO - ::endgroup::
[2026-01-04T22:00:21.183+0000] {logging_mixin.py:188} INFO - Last created_at in ClickHouse: 2026-01-04 21:55:13
[2026-01-04T22:00:21.235+0000] {logging_mixin.py:188} INFO - Transferred 791 new events to ClickHouse
[2026-01-04T22:00:21.237+0000] {python.py:237} INFO - Done. Returned value was: None
[2026-01-04T22:00:21.237+0000] {taskinstance.py:441} INFO - ::group::Post task execution logs
[2026-01-04T22:00:21.250+0000] {taskinstance.py:1206} INFO - Marking task as SUCCESS. dag_id=pg_to_clickhouse, task_id=transfer_raw_to_clickhouse, run_id=scheduled__2026-01-04T22:00:10+00:00, execution_date=20260104T220010, start_date=20260104T220020, end_date=20260104T220021
[2026-01-04T22:00:21.302+0000] {local_task_job_runner.py:240} INFO - Task exited with return code 0
[2026-01-04T22:00:21.322+0000] {taskinstance.py:3498} INFO - 0 downstream tasks scheduled from follow-on schedule check
[2026-01-04T22:00:21.325+0000] {local_task_job_runner.py:222} INFO - ::endgroup::
