[2026-01-08T15:14:42.327+0000] {local_task_job_runner.py:120} INFO - ::group::Pre task execution logs
[2026-01-08T15:15:56.013+0000] {local_task_job_runner.py:120} INFO - ::group::Pre task execution logs
[2026-01-08T15:15:56.082+0000] {taskinstance.py:2076} INFO - Dependencies all met for dep_context=non-requeueable deps ti=<TaskInstance: pg_to_clickhouse_payload_parsing.transfer_raw_to_ch scheduled__2026-01-08T15:14:00+00:00 [queued]>
[2026-01-08T15:15:56.111+0000] {taskinstance.py:2076} INFO - Dependencies all met for dep_context=requeueable deps ti=<TaskInstance: pg_to_clickhouse_payload_parsing.transfer_raw_to_ch scheduled__2026-01-08T15:14:00+00:00 [queued]>
[2026-01-08T15:15:56.112+0000] {taskinstance.py:2306} INFO - Starting attempt 1 of 2
[2026-01-08T15:15:56.173+0000] {taskinstance.py:2330} INFO - Executing <Task(PythonOperator): transfer_raw_to_ch> on 2026-01-08 15:14:00+00:00
[2026-01-08T15:15:56.186+0000] {logging_mixin.py:188} WARNING - /home/airflow/.local/lib/python3.12/site-packages/airflow/task/task_runner/standard_task_runner.py:61 DeprecationWarning: This process (pid=176) is multi-threaded, use of fork() may lead to deadlocks in the child.
[2026-01-08T15:15:56.188+0000] {standard_task_runner.py:63} INFO - Started process 248 to run task
[2026-01-08T15:15:56.186+0000] {standard_task_runner.py:90} INFO - Running: ['airflow', 'tasks', 'run', 'pg_to_clickhouse_payload_parsing', 'transfer_raw_to_ch', 'scheduled__2026-01-08T15:14:00+00:00', '--job-id', '17', '--raw', '--subdir', 'DAGS_FOLDER/etl_postgres_to_clickhouse.py', '--cfg-path', '/tmp/tmpi3ahfxe4']
[2026-01-08T15:15:56.191+0000] {standard_task_runner.py:91} INFO - Job 17: Subtask transfer_raw_to_ch
[2026-01-08T15:15:56.288+0000] {task_command.py:426} INFO - Running <TaskInstance: pg_to_clickhouse_payload_parsing.transfer_raw_to_ch scheduled__2026-01-08T15:14:00+00:00 [running]> on host 29ea818a915a
[2026-01-08T15:15:56.447+0000] {taskinstance.py:2648} INFO - Exporting env vars: AIRFLOW_CTX_DAG_OWNER='***' AIRFLOW_CTX_DAG_ID='pg_to_clickhouse_payload_parsing' AIRFLOW_CTX_TASK_ID='transfer_raw_to_ch' AIRFLOW_CTX_EXECUTION_DATE='2026-01-08T15:14:00+00:00' AIRFLOW_CTX_TRY_NUMBER='1' AIRFLOW_CTX_DAG_RUN_ID='scheduled__2026-01-08T15:14:00+00:00'
[2026-01-08T15:15:56.448+0000] {taskinstance.py:430} INFO - ::endgroup::
[2026-01-08T15:15:57.644+0000] {logging_mixin.py:188} INFO - Transferred 11250 events to ClickHouse
[2026-01-08T15:15:57.673+0000] {python.py:237} INFO - Done. Returned value was: None
[2026-01-08T15:15:57.674+0000] {taskinstance.py:441} INFO - ::group::Post task execution logs
[2026-01-08T15:15:57.692+0000] {taskinstance.py:1206} INFO - Marking task as SUCCESS. dag_id=pg_to_clickhouse_payload_parsing, task_id=transfer_raw_to_ch, run_id=scheduled__2026-01-08T15:14:00+00:00, execution_date=20260108T151400, start_date=20260108T151556, end_date=20260108T151557
[2026-01-08T15:15:57.761+0000] {local_task_job_runner.py:240} INFO - Task exited with return code 0
[2026-01-08T15:15:57.801+0000] {taskinstance.py:3498} INFO - 0 downstream tasks scheduled from follow-on schedule check
[2026-01-08T15:15:57.808+0000] {local_task_job_runner.py:222} INFO - ::endgroup::
