[2026-01-08T16:30:13.316+0000] {local_task_job_runner.py:120} INFO - ::group::Pre task execution logs
[2026-01-08T16:30:13.477+0000] {taskinstance.py:2076} INFO - Dependencies all met for dep_context=non-requeueable deps ti=<TaskInstance: pg_to_clickhouse_payload_parsing.transfer_raw_to_ch scheduled__2026-01-08T16:27:30+00:00 [queued]>
[2026-01-08T16:30:13.566+0000] {taskinstance.py:2076} INFO - Dependencies all met for dep_context=requeueable deps ti=<TaskInstance: pg_to_clickhouse_payload_parsing.transfer_raw_to_ch scheduled__2026-01-08T16:27:30+00:00 [queued]>
[2026-01-08T16:30:13.567+0000] {taskinstance.py:2306} INFO - Starting attempt 1 of 2
[2026-01-08T16:30:13.604+0000] {taskinstance.py:2330} INFO - Executing <Task(PythonOperator): transfer_raw_to_ch> on 2026-01-08 16:27:30+00:00
[2026-01-08T16:30:13.636+0000] {logging_mixin.py:188} WARNING - /home/airflow/.local/lib/python3.12/site-packages/airflow/task/task_runner/standard_task_runner.py:61 DeprecationWarning: This process (pid=176) is multi-threaded, use of fork() may lead to deadlocks in the child.
[2026-01-08T16:30:13.639+0000] {standard_task_runner.py:63} INFO - Started process 241 to run task
[2026-01-08T16:30:13.644+0000] {standard_task_runner.py:90} INFO - Running: ['airflow', 'tasks', 'run', 'pg_to_clickhouse_payload_parsing', 'transfer_raw_to_ch', 'scheduled__2026-01-08T16:27:30+00:00', '--job-id', '31', '--raw', '--subdir', 'DAGS_FOLDER/etl_postgres_to_clickhouse.py', '--cfg-path', '/tmp/tmpoye7wet5']
[2026-01-08T16:30:13.653+0000] {standard_task_runner.py:91} INFO - Job 31: Subtask transfer_raw_to_ch
[2026-01-08T16:30:13.802+0000] {task_command.py:426} INFO - Running <TaskInstance: pg_to_clickhouse_payload_parsing.transfer_raw_to_ch scheduled__2026-01-08T16:27:30+00:00 [running]> on host efb60548ea30
[2026-01-08T16:30:14.018+0000] {taskinstance.py:2648} INFO - Exporting env vars: AIRFLOW_CTX_DAG_OWNER='***' AIRFLOW_CTX_DAG_ID='pg_to_clickhouse_payload_parsing' AIRFLOW_CTX_TASK_ID='transfer_raw_to_ch' AIRFLOW_CTX_EXECUTION_DATE='2026-01-08T16:27:30+00:00' AIRFLOW_CTX_TRY_NUMBER='1' AIRFLOW_CTX_DAG_RUN_ID='scheduled__2026-01-08T16:27:30+00:00'
[2026-01-08T16:30:14.020+0000] {taskinstance.py:430} INFO - ::endgroup::
[2026-01-08T16:30:17.758+0000] {logging_mixin.py:188} INFO - Transferred 53665 events to ClickHouse
[2026-01-08T16:30:17.859+0000] {python.py:237} INFO - Done. Returned value was: None
[2026-01-08T16:30:17.860+0000] {taskinstance.py:441} INFO - ::group::Post task execution logs
[2026-01-08T16:30:19.199+0000] {taskinstance.py:2905} ERROR - Task failed with exception
Traceback (most recent call last):
  File "/home/airflow/.local/lib/python3.12/site-packages/sqlalchemy/engine/base.py", line 1910, in _execute_context
    self.dialect.do_execute(
  File "/home/airflow/.local/lib/python3.12/site-packages/sqlalchemy/engine/default.py", line 736, in do_execute
    cursor.execute(statement, parameters)
psycopg2.errors.InFailedSqlTransaction: current transaction is aborted, commands ignored until end of transaction block


The above exception was the direct cause of the following exception:

Traceback (most recent call last):
  File "/home/airflow/.local/lib/python3.12/site-packages/airflow/models/taskinstance.py", line 2481, in _run_raw_task
    self.refresh_from_db(lock_for_update=True, session=session)
  File "/home/airflow/.local/lib/python3.12/site-packages/airflow/utils/session.py", line 76, in wrapper
    return func(*args, **kwargs)
           ^^^^^^^^^^^^^^^^^^^^^
  File "/home/airflow/.local/lib/python3.12/site-packages/airflow/models/taskinstance.py", line 1821, in refresh_from_db
    _refresh_from_db(task_instance=self, session=session, lock_for_update=lock_for_update)
  File "/home/airflow/.local/lib/python3.12/site-packages/airflow/models/taskinstance.py", line 510, in _refresh_from_db
    ti = TaskInstance.get_task_instance(
         ^^^^^^^^^^^^^^^^^^^^^^^^^^^^^^^
  File "/home/airflow/.local/lib/python3.12/site-packages/airflow/api_internal/internal_api_call.py", line 115, in wrapper
    return func(*args, **kwargs)
           ^^^^^^^^^^^^^^^^^^^^^
  File "/home/airflow/.local/lib/python3.12/site-packages/airflow/utils/session.py", line 76, in wrapper
    return func(*args, **kwargs)
           ^^^^^^^^^^^^^^^^^^^^^
  File "/home/airflow/.local/lib/python3.12/site-packages/airflow/models/taskinstance.py", line 1803, in get_task_instance
    for attempt in run_with_db_retries(logger=cls.logger()):
  File "/home/airflow/.local/lib/python3.12/site-packages/tenacity/__init__.py", line 347, in __iter__
    do = self.iter(retry_state=retry_state)
         ^^^^^^^^^^^^^^^^^^^^^^^^^^^^^^^^^^
  File "/home/airflow/.local/lib/python3.12/site-packages/tenacity/__init__.py", line 325, in iter
    raise retry_exc.reraise()
          ^^^^^^^^^^^^^^^^^^^
  File "/home/airflow/.local/lib/python3.12/site-packages/tenacity/__init__.py", line 158, in reraise
    raise self.last_attempt.result()
          ^^^^^^^^^^^^^^^^^^^^^^^^^^
  File "/usr/local/lib/python3.12/concurrent/futures/_base.py", line 449, in result
    return self.__get_result()
           ^^^^^^^^^^^^^^^^^^^
  File "/usr/local/lib/python3.12/concurrent/futures/_base.py", line 401, in __get_result
    raise self._exception
  File "/home/airflow/.local/lib/python3.12/site-packages/airflow/models/taskinstance.py", line 1805, in get_task_instance
    return query.with_for_update().one_or_none()
           ^^^^^^^^^^^^^^^^^^^^^^^^^^^^^^^^^^^^^
  File "/home/airflow/.local/lib/python3.12/site-packages/sqlalchemy/orm/query.py", line 2850, in one_or_none
    return self._iter().one_or_none()
           ^^^^^^^^^^^^
  File "/home/airflow/.local/lib/python3.12/site-packages/sqlalchemy/orm/query.py", line 2916, in _iter
    result = self.session.execute(
             ^^^^^^^^^^^^^^^^^^^^^
  File "/home/airflow/.local/lib/python3.12/site-packages/sqlalchemy/orm/session.py", line 1717, in execute
    result = conn._execute_20(statement, params or {}, execution_options)
             ^^^^^^^^^^^^^^^^^^^^^^^^^^^^^^^^^^^^^^^^^^^^^^^^^^^^^^^^^^^^
  File "/home/airflow/.local/lib/python3.12/site-packages/sqlalchemy/engine/base.py", line 1710, in _execute_20
    return meth(self, args_10style, kwargs_10style, execution_options)
           ^^^^^^^^^^^^^^^^^^^^^^^^^^^^^^^^^^^^^^^^^^^^^^^^^^^^^^^^^^^
  File "/home/airflow/.local/lib/python3.12/site-packages/sqlalchemy/sql/elements.py", line 334, in _execute_on_connection
    return connection._execute_clauseelement(
           ^^^^^^^^^^^^^^^^^^^^^^^^^^^^^^^^^^
  File "/home/airflow/.local/lib/python3.12/site-packages/sqlalchemy/engine/base.py", line 1577, in _execute_clauseelement
    ret = self._execute_context(
          ^^^^^^^^^^^^^^^^^^^^^^
  File "/home/airflow/.local/lib/python3.12/site-packages/sqlalchemy/engine/base.py", line 1953, in _execute_context
    self._handle_dbapi_exception(
  File "/home/airflow/.local/lib/python3.12/site-packages/sqlalchemy/engine/base.py", line 2134, in _handle_dbapi_exception
    util.raise_(
  File "/home/airflow/.local/lib/python3.12/site-packages/sqlalchemy/util/compat.py", line 211, in raise_
    raise exception
  File "/home/airflow/.local/lib/python3.12/site-packages/sqlalchemy/engine/base.py", line 1910, in _execute_context
    self.dialect.do_execute(
  File "/home/airflow/.local/lib/python3.12/site-packages/sqlalchemy/engine/default.py", line 736, in do_execute
    cursor.execute(statement, parameters)
sqlalchemy.exc.InternalError: (psycopg2.errors.InFailedSqlTransaction) current transaction is aborted, commands ignored until end of transaction block

[SQL: SELECT task_instance.task_id AS task_instance_task_id, task_instance.dag_id AS task_instance_dag_id, task_instance.run_id AS task_instance_run_id, task_instance.map_index AS task_instance_map_index, task_instance.start_date AS task_instance_start_date, task_instance.end_date AS task_instance_end_date, task_instance.duration AS task_instance_duration, task_instance.state AS task_instance_state, task_instance.try_number AS task_instance_try_number, task_instance.max_tries AS task_instance_max_tries, task_instance.hostname AS task_instance_hostname, task_instance.unixname AS task_instance_unixname, task_instance.job_id AS task_instance_job_id, task_instance.pool AS task_instance_pool, task_instance.pool_slots AS task_instance_pool_slots, task_instance.queue AS task_instance_queue, task_instance.priority_weight AS task_instance_priority_weight, task_instance.operator AS task_instance_operator, task_instance.custom_operator_name AS task_instance_custom_operator_name, task_instance.queued_dttm AS task_instance_queued_dttm, task_instance.queued_by_job_id AS task_instance_queued_by_job_id, task_instance.pid AS task_instance_pid, task_instance.executor_config AS task_instance_executor_config, task_instance.updated_at AS task_instance_updated_at, task_instance.rendered_map_index AS task_instance_rendered_map_index, task_instance.external_executor_id AS task_instance_external_executor_id, task_instance.trigger_id AS task_instance_trigger_id, task_instance.trigger_timeout AS task_instance_trigger_timeout, task_instance.next_method AS task_instance_next_method, task_instance.next_kwargs AS task_instance_next_kwargs, task_instance.task_display_name AS task_instance_task_display_name 
FROM task_instance 
WHERE task_instance.dag_id = %(dag_id_1)s AND task_instance.run_id = %(run_id_1)s AND task_instance.task_id = %(task_id_1)s AND task_instance.map_index = %(map_index_1)s FOR UPDATE]
[parameters: {'dag_id_1': 'pg_to_clickhouse_payload_parsing', 'run_id_1': 'scheduled__2026-01-08T16:27:30+00:00', 'task_id_1': 'transfer_raw_to_ch', 'map_index_1': -1}]
(Background on this error at: https://sqlalche.me/e/14/2j85)
[2026-01-08T16:30:19.211+0000] {standard_task_runner.py:110} ERROR - Failed to execute job 31 for task transfer_raw_to_ch ((psycopg2.errors.InFailedSqlTransaction) current transaction is aborted, commands ignored until end of transaction block

[SQL: SELECT task_instance.task_id AS task_instance_task_id, task_instance.dag_id AS task_instance_dag_id, task_instance.run_id AS task_instance_run_id, task_instance.map_index AS task_instance_map_index, task_instance.start_date AS task_instance_start_date, task_instance.end_date AS task_instance_end_date, task_instance.duration AS task_instance_duration, task_instance.state AS task_instance_state, task_instance.try_number AS task_instance_try_number, task_instance.max_tries AS task_instance_max_tries, task_instance.hostname AS task_instance_hostname, task_instance.unixname AS task_instance_unixname, task_instance.job_id AS task_instance_job_id, task_instance.pool AS task_instance_pool, task_instance.pool_slots AS task_instance_pool_slots, task_instance.queue AS task_instance_queue, task_instance.priority_weight AS task_instance_priority_weight, task_instance.operator AS task_instance_operator, task_instance.custom_operator_name AS task_instance_custom_operator_name, task_instance.queued_dttm AS task_instance_queued_dttm, task_instance.queued_by_job_id AS task_instance_queued_by_job_id, task_instance.pid AS task_instance_pid, task_instance.executor_config AS task_instance_executor_config, task_instance.updated_at AS task_instance_updated_at, task_instance.rendered_map_index AS task_instance_rendered_map_index, task_instance.external_executor_id AS task_instance_external_executor_id, task_instance.trigger_id AS task_instance_trigger_id, task_instance.trigger_timeout AS task_instance_trigger_timeout, task_instance.next_method AS task_instance_next_method, task_instance.next_kwargs AS task_instance_next_kwargs, task_instance.task_display_name AS task_instance_task_display_name 
FROM task_instance 
WHERE task_instance.dag_id = %(dag_id_1)s AND task_instance.run_id = %(run_id_1)s AND task_instance.task_id = %(task_id_1)s AND task_instance.map_index = %(map_index_1)s]
[parameters: {'dag_id_1': 'pg_to_clickhouse_payload_parsing', 'run_id_1': 'scheduled__2026-01-08T16:27:30+00:00', 'task_id_1': 'transfer_raw_to_ch', 'map_index_1': -1}]
(Background on this error at: https://sqlalche.me/e/14/2j85); 241)
[2026-01-08T16:30:19.238+0000] {local_task_job_runner.py:240} INFO - Task exited with return code 1
[2026-01-08T16:30:19.247+0000] {local_task_job_runner.py:222} INFO - ::endgroup::
