[2026-01-08T16:40:32.635+0000] {local_task_job_runner.py:120} INFO - ::group::Pre task execution logs
[2026-01-08T16:40:32.739+0000] {taskinstance.py:2076} INFO - Dependencies all met for dep_context=non-requeueable deps ti=<TaskInstance: pg_to_clickhouse_payload_parsing.transfer_raw_to_ch scheduled__2026-01-08T16:38:10+00:00 [queued]>
[2026-01-08T16:40:32.764+0000] {taskinstance.py:2076} INFO - Dependencies all met for dep_context=requeueable deps ti=<TaskInstance: pg_to_clickhouse_payload_parsing.transfer_raw_to_ch scheduled__2026-01-08T16:38:10+00:00 [queued]>
[2026-01-08T16:40:32.765+0000] {taskinstance.py:2306} INFO - Starting attempt 2 of 2
[2026-01-08T16:40:32.801+0000] {taskinstance.py:2330} INFO - Executing <Task(PythonOperator): transfer_raw_to_ch> on 2026-01-08 16:38:10+00:00
[2026-01-08T16:40:32.816+0000] {logging_mixin.py:188} WARNING - /home/airflow/.local/lib/python3.12/site-packages/airflow/task/task_runner/standard_task_runner.py:61 DeprecationWarning: This process (pid=188) is multi-threaded, use of fork() may lead to deadlocks in the child.
[2026-01-08T16:40:32.818+0000] {standard_task_runner.py:63} INFO - Started process 255 to run task
[2026-01-08T16:40:32.822+0000] {standard_task_runner.py:90} INFO - Running: ['airflow', 'tasks', 'run', 'pg_to_clickhouse_payload_parsing', 'transfer_raw_to_ch', 'scheduled__2026-01-08T16:38:10+00:00', '--job-id', '84', '--raw', '--subdir', 'DAGS_FOLDER/etl_postgres_to_clickhouse.py', '--cfg-path', '/tmp/tmp5vu98m28']
[2026-01-08T16:40:32.831+0000] {standard_task_runner.py:91} INFO - Job 84: Subtask transfer_raw_to_ch
[2026-01-08T16:40:32.867+0000] {cli_action_loggers.py:139} WARNING - Failed to log action (psycopg2.errors.ReadOnlySqlTransaction) cannot execute INSERT in a read-only transaction

[SQL: INSERT INTO log (dttm, dag_id, task_id, event, owner, extra) VALUES (%(dttm)s, %(dag_id)s, %(task_id)s, %(event)s, %(owner)s, %(extra)s) RETURNING log.id]
[parameters: {'dttm': datetime.datetime(2026, 1, 8, 16, 40, 32, 834838, tzinfo=Timezone('UTC')), 'dag_id': 'pg_to_clickhouse_payload_parsing', 'task_id': 'transfer_raw_to_ch', 'event': 'cli_task_run', 'owner': 'airflow', 'extra': '{"host_name": "efb60548ea30", "full_command": "[\'/home/airflow/.local/bin/airflow\', \'scheduler\']"}'}]
(Background on this error at: https://sqlalche.me/e/14/2j85)
[2026-01-08T16:40:33.028+0000] {task_command.py:426} INFO - Running <TaskInstance: pg_to_clickhouse_payload_parsing.transfer_raw_to_ch scheduled__2026-01-08T16:38:10+00:00 [running]> on host efb60548ea30
[2026-01-08T16:40:33.207+0000] {standard_task_runner.py:110} ERROR - Failed to execute job 84 for task transfer_raw_to_ch ((psycopg2.errors.ReadOnlySqlTransaction) cannot execute UPDATE in a read-only transaction

[SQL: UPDATE task_instance SET job_id=%(job_id)s, pid=%(pid)s, updated_at=%(updated_at)s WHERE task_instance.dag_id = %(task_instance_dag_id)s AND task_instance.task_id = %(task_instance_task_id)s AND task_instance.run_id = %(task_instance_run_id)s AND task_instance.map_index = %(task_instance_map_index)s]
[parameters: {'job_id': '84', 'pid': 255, 'updated_at': datetime.datetime(2026, 1, 8, 16, 40, 33, 201803, tzinfo=Timezone('UTC')), 'task_instance_dag_id': 'pg_to_clickhouse_payload_parsing', 'task_instance_task_id': 'transfer_raw_to_ch', 'task_instance_run_id': 'scheduled__2026-01-08T16:38:10+00:00', 'task_instance_map_index': -1}]
(Background on this error at: https://sqlalche.me/e/14/2j85); 255)
[2026-01-08T16:40:33.227+0000] {local_task_job_runner.py:240} INFO - Task exited with return code 1
[2026-01-08T16:40:33.251+0000] {local_task_job_runner.py:222} INFO - ::endgroup::
