[2026-01-08T15:31:27.857+0000] {local_task_job_runner.py:120} INFO - ::group::Pre task execution logs
[2026-01-08T15:31:27.950+0000] {taskinstance.py:2076} INFO - Dependencies all met for dep_context=non-requeueable deps ti=<TaskInstance: pg_to_clickhouse_payload_parsing.transfer_raw_to_ch scheduled__2026-01-08T15:30:50+00:00 [queued]>
[2026-01-08T15:31:27.977+0000] {taskinstance.py:2076} INFO - Dependencies all met for dep_context=requeueable deps ti=<TaskInstance: pg_to_clickhouse_payload_parsing.transfer_raw_to_ch scheduled__2026-01-08T15:30:50+00:00 [queued]>
[2026-01-08T15:31:27.979+0000] {taskinstance.py:2306} INFO - Starting attempt 1 of 2
[2026-01-08T15:31:28.009+0000] {taskinstance.py:2330} INFO - Executing <Task(PythonOperator): transfer_raw_to_ch> on 2026-01-08 15:30:50+00:00
[2026-01-08T15:31:28.027+0000] {logging_mixin.py:188} WARNING - /home/airflow/.local/lib/python3.12/site-packages/airflow/task/task_runner/standard_task_runner.py:61 DeprecationWarning: This process (pid=179) is multi-threaded, use of fork() may lead to deadlocks in the child.
[2026-01-08T15:31:28.033+0000] {standard_task_runner.py:63} INFO - Started process 185 to run task
[2026-01-08T15:31:28.030+0000] {standard_task_runner.py:90} INFO - Running: ['airflow', 'tasks', 'run', 'pg_to_clickhouse_payload_parsing', 'transfer_raw_to_ch', 'scheduled__2026-01-08T15:30:50+00:00', '--job-id', '24', '--raw', '--subdir', 'DAGS_FOLDER/etl_postgres_to_clickhouse.py', '--cfg-path', '/tmp/tmpj0if1w7r']
[2026-01-08T15:31:28.050+0000] {standard_task_runner.py:91} INFO - Job 24: Subtask transfer_raw_to_ch
[2026-01-08T15:31:28.216+0000] {task_command.py:426} INFO - Running <TaskInstance: pg_to_clickhouse_payload_parsing.transfer_raw_to_ch scheduled__2026-01-08T15:30:50+00:00 [running]> on host 260e1830ae1a
[2026-01-08T15:31:28.399+0000] {taskinstance.py:2648} INFO - Exporting env vars: AIRFLOW_CTX_DAG_OWNER='***' AIRFLOW_CTX_DAG_ID='pg_to_clickhouse_payload_parsing' AIRFLOW_CTX_TASK_ID='transfer_raw_to_ch' AIRFLOW_CTX_EXECUTION_DATE='2026-01-08T15:30:50+00:00' AIRFLOW_CTX_TRY_NUMBER='1' AIRFLOW_CTX_DAG_RUN_ID='scheduled__2026-01-08T15:30:50+00:00'
[2026-01-08T15:31:28.402+0000] {taskinstance.py:430} INFO - ::endgroup::
[2026-01-08T15:31:33.348+0000] {local_task_job_runner.py:222} INFO - ::endgroup::
[2026-01-08T15:31:33.364+0000] {process_utils.py:132} INFO - Sending 15 to group 185. PIDs of all processes in the group: [185]
[2026-01-08T15:31:33.368+0000] {process_utils.py:87} INFO - Sending the signal 15 to group 185
[2026-01-08T15:31:33.374+0000] {taskinstance.py:2611} ERROR - Received SIGTERM. Terminating subprocesses.
[2026-01-08T15:31:33.430+0000] {taskinstance.py:441} INFO - ::group::Post task execution logs
[2026-01-08T15:31:34.524+0000] {standard_task_runner.py:110} ERROR - Failed to execute job 24 for task transfer_raw_to_ch ((psycopg2.errors.InFailedSqlTransaction) current transaction is aborted, commands ignored until end of transaction block

[SQL: SELECT task_instance.task_id AS task_instance_task_id, task_instance.dag_id AS task_instance_dag_id, task_instance.run_id AS task_instance_run_id, task_instance.map_index AS task_instance_map_index, task_instance.start_date AS task_instance_start_date, task_instance.end_date AS task_instance_end_date, task_instance.duration AS task_instance_duration, task_instance.state AS task_instance_state, task_instance.try_number AS task_instance_try_number, task_instance.max_tries AS task_instance_max_tries, task_instance.hostname AS task_instance_hostname, task_instance.unixname AS task_instance_unixname, task_instance.job_id AS task_instance_job_id, task_instance.pool AS task_instance_pool, task_instance.pool_slots AS task_instance_pool_slots, task_instance.queue AS task_instance_queue, task_instance.priority_weight AS task_instance_priority_weight, task_instance.operator AS task_instance_operator, task_instance.custom_operator_name AS task_instance_custom_operator_name, task_instance.queued_dttm AS task_instance_queued_dttm, task_instance.queued_by_job_id AS task_instance_queued_by_job_id, task_instance.pid AS task_instance_pid, task_instance.executor_config AS task_instance_executor_config, task_instance.updated_at AS task_instance_updated_at, task_instance.rendered_map_index AS task_instance_rendered_map_index, task_instance.external_executor_id AS task_instance_external_executor_id, task_instance.trigger_id AS task_instance_trigger_id, task_instance.trigger_timeout AS task_instance_trigger_timeout, task_instance.next_method AS task_instance_next_method, task_instance.next_kwargs AS task_instance_next_kwargs, task_instance.task_display_name AS task_instance_task_display_name 
FROM task_instance 
WHERE task_instance.dag_id = %(dag_id_1)s AND task_instance.run_id = %(run_id_1)s AND task_instance.task_id = %(task_id_1)s AND task_instance.map_index = %(map_index_1)s FOR UPDATE]
[parameters: {'dag_id_1': 'pg_to_clickhouse_payload_parsing', 'run_id_1': 'scheduled__2026-01-08T15:30:50+00:00', 'task_id_1': 'transfer_raw_to_ch', 'map_index_1': -1}]
(Background on this error at: https://sqlalche.me/e/14/2j85); 185)
[2026-01-08T15:31:34.604+0000] {process_utils.py:80} INFO - Process psutil.Process(pid=185, status='terminated', exitcode=1, started='15:31:27') (185) terminated with exit code 1
