[2026-01-04T22:07:31.240+0000] {local_task_job_runner.py:120} INFO - ::group::Pre task execution logs
[2026-01-04T22:07:31.275+0000] {taskinstance.py:2076} INFO - Dependencies all met for dep_context=non-requeueable deps ti=<TaskInstance: pg_to_clickhouse.transfer_raw_to_clickhouse scheduled__2026-01-04T22:07:20+00:00 [queued]>
[2026-01-04T22:07:31.285+0000] {taskinstance.py:2076} INFO - Dependencies all met for dep_context=requeueable deps ti=<TaskInstance: pg_to_clickhouse.transfer_raw_to_clickhouse scheduled__2026-01-04T22:07:20+00:00 [queued]>
[2026-01-04T22:07:31.286+0000] {taskinstance.py:2306} INFO - Starting attempt 1 of 2
[2026-01-04T22:07:31.303+0000] {taskinstance.py:2330} INFO - Executing <Task(PythonOperator): transfer_raw_to_clickhouse> on 2026-01-04 22:07:20+00:00
[2026-01-04T22:07:31.313+0000] {logging_mixin.py:188} WARNING - /home/airflow/.local/lib/python3.12/site-packages/airflow/task/task_runner/standard_task_runner.py:61 DeprecationWarning: This process (pid=547) is multi-threaded, use of fork() may lead to deadlocks in the child.
[2026-01-04T22:07:31.314+0000] {standard_task_runner.py:63} INFO - Started process 548 to run task
[2026-01-04T22:07:31.313+0000] {standard_task_runner.py:90} INFO - Running: ['airflow', 'tasks', 'run', 'pg_to_clickhouse', 'transfer_raw_to_clickhouse', 'scheduled__2026-01-04T22:07:20+00:00', '--job-id', '39', '--raw', '--subdir', 'DAGS_FOLDER/etl_postgres_to_clickhouse.py', '--cfg-path', '/tmp/tmpbwekvu3g']
[2026-01-04T22:07:31.315+0000] {standard_task_runner.py:91} INFO - Job 39: Subtask transfer_raw_to_clickhouse
[2026-01-04T22:07:31.381+0000] {task_command.py:426} INFO - Running <TaskInstance: pg_to_clickhouse.transfer_raw_to_clickhouse scheduled__2026-01-04T22:07:20+00:00 [running]> on host ef9102b75e7b
[2026-01-04T22:07:31.494+0000] {taskinstance.py:2648} INFO - Exporting env vars: AIRFLOW_CTX_DAG_OWNER='***' AIRFLOW_CTX_DAG_ID='pg_to_clickhouse' AIRFLOW_CTX_TASK_ID='transfer_raw_to_clickhouse' AIRFLOW_CTX_EXECUTION_DATE='2026-01-04T22:07:20+00:00' AIRFLOW_CTX_TRY_NUMBER='1' AIRFLOW_CTX_DAG_RUN_ID='scheduled__2026-01-04T22:07:20+00:00'
[2026-01-04T22:07:31.495+0000] {taskinstance.py:430} INFO - ::endgroup::
[2026-01-04T22:07:31.522+0000] {logging_mixin.py:188} INFO - Last created_at in ClickHouse: 2026-01-04 22:03:25
[2026-01-04T22:07:31.585+0000] {logging_mixin.py:188} INFO - Transferred 773 new events to ClickHouse
[2026-01-04T22:07:31.586+0000] {python.py:237} INFO - Done. Returned value was: None
[2026-01-04T22:07:31.587+0000] {taskinstance.py:441} INFO - ::group::Post task execution logs
[2026-01-04T22:07:31.599+0000] {taskinstance.py:1206} INFO - Marking task as SUCCESS. dag_id=pg_to_clickhouse, task_id=transfer_raw_to_clickhouse, run_id=scheduled__2026-01-04T22:07:20+00:00, execution_date=20260104T220720, start_date=20260104T220731, end_date=20260104T220731
[2026-01-04T22:07:31.650+0000] {local_task_job_runner.py:240} INFO - Task exited with return code 0
[2026-01-04T22:07:31.672+0000] {taskinstance.py:3498} INFO - 0 downstream tasks scheduled from follow-on schedule check
[2026-01-04T22:07:31.675+0000] {local_task_job_runner.py:222} INFO - ::endgroup::
