[2026-01-08T15:41:49.846+0000] {local_task_job_runner.py:120} INFO - ::group::Pre task execution logs
[2026-01-08T15:41:49.942+0000] {taskinstance.py:2076} INFO - Dependencies all met for dep_context=non-requeueable deps ti=<TaskInstance: pg_to_clickhouse_payload_parsing.transfer_raw_to_ch scheduled__2026-01-08T15:41:20+00:00 [queued]>
[2026-01-08T15:41:49.962+0000] {taskinstance.py:2076} INFO - Dependencies all met for dep_context=requeueable deps ti=<TaskInstance: pg_to_clickhouse_payload_parsing.transfer_raw_to_ch scheduled__2026-01-08T15:41:20+00:00 [queued]>
[2026-01-08T15:41:49.964+0000] {taskinstance.py:2306} INFO - Starting attempt 1 of 2
[2026-01-08T15:41:50.008+0000] {taskinstance.py:2330} INFO - Executing <Task(PythonOperator): transfer_raw_to_ch> on 2026-01-08 15:41:20+00:00
[2026-01-08T15:41:50.025+0000] {logging_mixin.py:188} WARNING - /home/airflow/.local/lib/python3.12/site-packages/airflow/task/task_runner/standard_task_runner.py:61 DeprecationWarning: This process (pid=186) is multi-threaded, use of fork() may lead to deadlocks in the child.
[2026-01-08T15:41:50.029+0000] {standard_task_runner.py:63} INFO - Started process 199 to run task
[2026-01-08T15:41:50.026+0000] {standard_task_runner.py:90} INFO - Running: ['airflow', 'tasks', 'run', 'pg_to_clickhouse_payload_parsing', 'transfer_raw_to_ch', 'scheduled__2026-01-08T15:41:20+00:00', '--job-id', '9', '--raw', '--subdir', 'DAGS_FOLDER/etl_postgres_to_clickhouse.py', '--cfg-path', '/tmp/tmp_17g1eww']
[2026-01-08T15:41:50.037+0000] {standard_task_runner.py:91} INFO - Job 9: Subtask transfer_raw_to_ch
[2026-01-08T15:41:50.048+0000] {cli_action_loggers.py:139} WARNING - Failed to log action (psycopg2.errors.ReadOnlySqlTransaction) cannot execute INSERT in a read-only transaction

[SQL: INSERT INTO log (dttm, dag_id, task_id, event, owner, extra) VALUES (%(dttm)s, %(dag_id)s, %(task_id)s, %(event)s, %(owner)s, %(extra)s) RETURNING log.id]
[parameters: {'dttm': datetime.datetime(2026, 1, 8, 15, 41, 50, 38636, tzinfo=Timezone('UTC')), 'dag_id': 'pg_to_clickhouse_payload_parsing', 'task_id': 'transfer_raw_to_ch', 'event': 'cli_task_run', 'owner': 'airflow', 'extra': '{"host_name": "799843acdb7e", "full_command": "[\'/home/airflow/.local/bin/airflow\', \'scheduler\']"}'}]
(Background on this error at: https://sqlalche.me/e/14/2j85)
[2026-01-08T15:41:50.101+0000] {task_command.py:426} INFO - Running <TaskInstance: pg_to_clickhouse_payload_parsing.transfer_raw_to_ch scheduled__2026-01-08T15:41:20+00:00 [running]> on host 799843acdb7e
[2026-01-08T15:41:50.133+0000] {standard_task_runner.py:110} ERROR - Failed to execute job 9 for task transfer_raw_to_ch ((psycopg2.errors.ReadOnlySqlTransaction) cannot execute UPDATE in a read-only transaction

[SQL: UPDATE task_instance SET job_id=%(job_id)s, pid=%(pid)s, updated_at=%(updated_at)s WHERE task_instance.dag_id = %(task_instance_dag_id)s AND task_instance.task_id = %(task_instance_task_id)s AND task_instance.run_id = %(task_instance_run_id)s AND task_instance.map_index = %(task_instance_map_index)s]
[parameters: {'job_id': '9', 'pid': 199, 'updated_at': datetime.datetime(2026, 1, 8, 15, 41, 50, 131116, tzinfo=Timezone('UTC')), 'task_instance_dag_id': 'pg_to_clickhouse_payload_parsing', 'task_instance_task_id': 'transfer_raw_to_ch', 'task_instance_run_id': 'scheduled__2026-01-08T15:41:20+00:00', 'task_instance_map_index': -1}]
(Background on this error at: https://sqlalche.me/e/14/2j85); 199)
[2026-01-08T15:41:50.166+0000] {local_task_job_runner.py:240} INFO - Task exited with return code 1
[2026-01-08T15:41:50.183+0000] {taskinstance.py:3498} INFO - 0 downstream tasks scheduled from follow-on schedule check
[2026-01-08T15:41:50.186+0000] {local_task_job_runner.py:222} INFO - ::endgroup::
