[2026-01-04T22:01:40.871+0000] {local_task_job_runner.py:120} INFO - ::group::Pre task execution logs
[2026-01-04T22:01:40.915+0000] {taskinstance.py:2076} INFO - Dependencies all met for dep_context=non-requeueable deps ti=<TaskInstance: pg_to_clickhouse.transfer_raw_to_clickhouse scheduled__2026-01-04T22:01:30+00:00 [queued]>
[2026-01-04T22:01:40.927+0000] {taskinstance.py:2076} INFO - Dependencies all met for dep_context=requeueable deps ti=<TaskInstance: pg_to_clickhouse.transfer_raw_to_clickhouse scheduled__2026-01-04T22:01:30+00:00 [queued]>
[2026-01-04T22:01:40.928+0000] {taskinstance.py:2306} INFO - Starting attempt 1 of 2
[2026-01-04T22:01:40.946+0000] {taskinstance.py:2330} INFO - Executing <Task(PythonOperator): transfer_raw_to_clickhouse> on 2026-01-04 22:01:30+00:00
[2026-01-04T22:01:40.959+0000] {logging_mixin.py:188} WARNING - /home/airflow/.local/lib/python3.12/site-packages/airflow/task/task_runner/standard_task_runner.py:61 DeprecationWarning: This process (pid=215) is multi-threaded, use of fork() may lead to deadlocks in the child.
[2026-01-04T22:01:40.956+0000] {standard_task_runner.py:90} INFO - Running: ['airflow', 'tasks', 'run', 'pg_to_clickhouse', 'transfer_raw_to_clickhouse', 'scheduled__2026-01-04T22:01:30+00:00', '--job-id', '4', '--raw', '--subdir', 'DAGS_FOLDER/etl_postgres_to_clickhouse.py', '--cfg-path', '/tmp/tmptv22avp5']
[2026-01-04T22:01:40.960+0000] {standard_task_runner.py:63} INFO - Started process 217 to run task
[2026-01-04T22:01:40.961+0000] {standard_task_runner.py:91} INFO - Job 4: Subtask transfer_raw_to_clickhouse
[2026-01-04T22:01:41.036+0000] {task_command.py:426} INFO - Running <TaskInstance: pg_to_clickhouse.transfer_raw_to_clickhouse scheduled__2026-01-04T22:01:30+00:00 [running]> on host ef9102b75e7b
[2026-01-04T22:01:41.166+0000] {taskinstance.py:2648} INFO - Exporting env vars: AIRFLOW_CTX_DAG_OWNER='***' AIRFLOW_CTX_DAG_ID='pg_to_clickhouse' AIRFLOW_CTX_TASK_ID='transfer_raw_to_clickhouse' AIRFLOW_CTX_EXECUTION_DATE='2026-01-04T22:01:30+00:00' AIRFLOW_CTX_TRY_NUMBER='1' AIRFLOW_CTX_DAG_RUN_ID='scheduled__2026-01-04T22:01:30+00:00'
[2026-01-04T22:01:41.167+0000] {taskinstance.py:430} INFO - ::endgroup::
[2026-01-04T22:01:41.198+0000] {logging_mixin.py:188} INFO - Last created_at in ClickHouse: 2026-01-04 22:01:14
[2026-01-04T22:01:44.083+0000] {logging_mixin.py:188} INFO - Transferred 65321 new events to ClickHouse
[2026-01-04T22:01:44.154+0000] {python.py:237} INFO - Done. Returned value was: None
[2026-01-04T22:01:44.155+0000] {taskinstance.py:441} INFO - ::group::Post task execution logs
[2026-01-04T22:01:44.172+0000] {taskinstance.py:1206} INFO - Marking task as SUCCESS. dag_id=pg_to_clickhouse, task_id=transfer_raw_to_clickhouse, run_id=scheduled__2026-01-04T22:01:30+00:00, execution_date=20260104T220130, start_date=20260104T220140, end_date=20260104T220144
[2026-01-04T22:01:44.348+0000] {local_task_job_runner.py:240} INFO - Task exited with return code 0
[2026-01-04T22:01:44.379+0000] {taskinstance.py:3498} INFO - 0 downstream tasks scheduled from follow-on schedule check
[2026-01-04T22:01:44.382+0000] {local_task_job_runner.py:222} INFO - ::endgroup::
