[2026-01-04T22:07:41.315+0000] {local_task_job_runner.py:120} INFO - ::group::Pre task execution logs
[2026-01-04T22:07:41.350+0000] {taskinstance.py:2076} INFO - Dependencies all met for dep_context=non-requeueable deps ti=<TaskInstance: pg_to_clickhouse.transfer_raw_to_clickhouse scheduled__2026-01-04T22:07:30+00:00 [queued]>
[2026-01-04T22:07:41.358+0000] {taskinstance.py:2076} INFO - Dependencies all met for dep_context=requeueable deps ti=<TaskInstance: pg_to_clickhouse.transfer_raw_to_clickhouse scheduled__2026-01-04T22:07:30+00:00 [queued]>
[2026-01-04T22:07:41.358+0000] {taskinstance.py:2306} INFO - Starting attempt 1 of 2
[2026-01-04T22:07:41.373+0000] {taskinstance.py:2330} INFO - Executing <Task(PythonOperator): transfer_raw_to_clickhouse> on 2026-01-04 22:07:30+00:00
[2026-01-04T22:07:41.381+0000] {logging_mixin.py:188} WARNING - /home/airflow/.local/lib/python3.12/site-packages/airflow/task/task_runner/standard_task_runner.py:61 DeprecationWarning: This process (pid=549) is multi-threaded, use of fork() may lead to deadlocks in the child.
[2026-01-04T22:07:41.382+0000] {standard_task_runner.py:63} INFO - Started process 550 to run task
[2026-01-04T22:07:41.381+0000] {standard_task_runner.py:90} INFO - Running: ['airflow', 'tasks', 'run', 'pg_to_clickhouse', 'transfer_raw_to_clickhouse', 'scheduled__2026-01-04T22:07:30+00:00', '--job-id', '40', '--raw', '--subdir', 'DAGS_FOLDER/etl_postgres_to_clickhouse.py', '--cfg-path', '/tmp/tmpk9g24d46']
[2026-01-04T22:07:41.384+0000] {standard_task_runner.py:91} INFO - Job 40: Subtask transfer_raw_to_clickhouse
[2026-01-04T22:07:41.444+0000] {task_command.py:426} INFO - Running <TaskInstance: pg_to_clickhouse.transfer_raw_to_clickhouse scheduled__2026-01-04T22:07:30+00:00 [running]> on host ef9102b75e7b
[2026-01-04T22:07:41.551+0000] {taskinstance.py:2648} INFO - Exporting env vars: AIRFLOW_CTX_DAG_OWNER='***' AIRFLOW_CTX_DAG_ID='pg_to_clickhouse' AIRFLOW_CTX_TASK_ID='transfer_raw_to_clickhouse' AIRFLOW_CTX_EXECUTION_DATE='2026-01-04T22:07:30+00:00' AIRFLOW_CTX_TRY_NUMBER='1' AIRFLOW_CTX_DAG_RUN_ID='scheduled__2026-01-04T22:07:30+00:00'
[2026-01-04T22:07:41.552+0000] {taskinstance.py:430} INFO - ::endgroup::
[2026-01-04T22:07:41.576+0000] {logging_mixin.py:188} INFO - Last created_at in ClickHouse: 2026-01-04 22:03:28
[2026-01-04T22:07:41.636+0000] {logging_mixin.py:188} INFO - Transferred 952 new events to ClickHouse
[2026-01-04T22:07:41.637+0000] {python.py:237} INFO - Done. Returned value was: None
[2026-01-04T22:07:41.638+0000] {taskinstance.py:441} INFO - ::group::Post task execution logs
[2026-01-04T22:07:41.651+0000] {taskinstance.py:1206} INFO - Marking task as SUCCESS. dag_id=pg_to_clickhouse, task_id=transfer_raw_to_clickhouse, run_id=scheduled__2026-01-04T22:07:30+00:00, execution_date=20260104T220730, start_date=20260104T220741, end_date=20260104T220741
[2026-01-04T22:07:41.677+0000] {local_task_job_runner.py:240} INFO - Task exited with return code 0
[2026-01-04T22:07:41.697+0000] {taskinstance.py:3498} INFO - 0 downstream tasks scheduled from follow-on schedule check
[2026-01-04T22:07:41.702+0000] {local_task_job_runner.py:222} INFO - ::endgroup::
