[2026-01-07T12:20:28.026+0000] {local_task_job_runner.py:120} INFO - ::group::Pre task execution logs
[2026-01-07T12:20:28.094+0000] {taskinstance.py:2076} INFO - Dependencies all met for dep_context=non-requeueable deps ti=<TaskInstance: pg_to_clickhouse_sliding_window.transfer_raw_to_ch scheduled__2026-01-07T12:20:10+00:00 [queued]>
[2026-01-07T12:20:28.106+0000] {taskinstance.py:2076} INFO - Dependencies all met for dep_context=requeueable deps ti=<TaskInstance: pg_to_clickhouse_sliding_window.transfer_raw_to_ch scheduled__2026-01-07T12:20:10+00:00 [queued]>
[2026-01-07T12:20:28.107+0000] {taskinstance.py:2306} INFO - Starting attempt 2 of 2
[2026-01-07T12:20:28.134+0000] {taskinstance.py:2330} INFO - Executing <Task(PythonOperator): transfer_raw_to_ch> on 2026-01-07 12:20:10+00:00
[2026-01-07T12:20:28.143+0000] {standard_task_runner.py:90} INFO - Running: ['airflow', 'tasks', 'run', 'pg_to_clickhouse_sliding_window', 'transfer_raw_to_ch', 'scheduled__2026-01-07T12:20:10+00:00', '--job-id', '5', '--raw', '--subdir', 'DAGS_FOLDER/etl_postgres_to_clickhouse.py', '--cfg-path', '/tmp/tmp7g46ahe_']
[2026-01-07T12:20:28.148+0000] {standard_task_runner.py:91} INFO - Job 5: Subtask transfer_raw_to_ch
[2026-01-07T12:20:28.149+0000] {logging_mixin.py:188} WARNING - /home/airflow/.local/lib/python3.12/site-packages/airflow/task/task_runner/standard_task_runner.py:61 DeprecationWarning: This process (pid=218) is multi-threaded, use of fork() may lead to deadlocks in the child.
[2026-01-07T12:20:28.150+0000] {standard_task_runner.py:63} INFO - Started process 219 to run task
[2026-01-07T12:20:28.257+0000] {task_command.py:426} INFO - Running <TaskInstance: pg_to_clickhouse_sliding_window.transfer_raw_to_ch scheduled__2026-01-07T12:20:10+00:00 [running]> on host 584a3149233e
[2026-01-07T12:20:28.561+0000] {taskinstance.py:2648} INFO - Exporting env vars: AIRFLOW_CTX_DAG_OWNER='***' AIRFLOW_CTX_DAG_ID='pg_to_clickhouse_sliding_window' AIRFLOW_CTX_TASK_ID='transfer_raw_to_ch' AIRFLOW_CTX_EXECUTION_DATE='2026-01-07T12:20:10+00:00' AIRFLOW_CTX_TRY_NUMBER='2' AIRFLOW_CTX_DAG_RUN_ID='scheduled__2026-01-07T12:20:10+00:00'
[2026-01-07T12:20:28.571+0000] {taskinstance.py:430} INFO - ::endgroup::
[2026-01-07T12:20:28.638+0000] {taskinstance.py:441} INFO - ::group::Post task execution logs
[2026-01-07T12:20:28.640+0000] {taskinstance.py:2905} ERROR - Task failed with exception
Traceback (most recent call last):
  File "/home/airflow/.local/lib/python3.12/site-packages/airflow/models/taskinstance.py", line 465, in _execute_task
    result = _execute_callable(context=context, **execute_callable_kwargs)
             ^^^^^^^^^^^^^^^^^^^^^^^^^^^^^^^^^^^^^^^^^^^^^^^^^^^^^^^^^^^^^
  File "/home/airflow/.local/lib/python3.12/site-packages/airflow/models/taskinstance.py", line 432, in _execute_callable
    return execute_callable(context=context, **execute_callable_kwargs)
           ^^^^^^^^^^^^^^^^^^^^^^^^^^^^^^^^^^^^^^^^^^^^^^^^^^^^^^^^^^^^
  File "/home/airflow/.local/lib/python3.12/site-packages/airflow/models/baseoperator.py", line 400, in wrapper
    return func(self, *args, **kwargs)
           ^^^^^^^^^^^^^^^^^^^^^^^^^^^
  File "/home/airflow/.local/lib/python3.12/site-packages/airflow/operators/python.py", line 235, in execute
    return_value = self.execute_callable()
                   ^^^^^^^^^^^^^^^^^^^^^^^
  File "/home/airflow/.local/lib/python3.12/site-packages/airflow/operators/python.py", line 252, in execute_callable
    return self.python_callable(*self.op_args, **self.op_kwargs)
           ^^^^^^^^^^^^^^^^^^^^^^^^^^^^^^^^^^^^^^^^^^^^^^^^^^^^^
  File "/opt/airflow/dags/etl_postgres_to_clickhouse.py", line 75, in transfer_to_clickhouse
    events = fetch_raw_events()
             ^^^^^^^^^^^^^^^^^^
  File "/opt/airflow/dags/etl_postgres_to_clickhouse.py", line 38, in fetch_raw_events
    cur.execute(f"""
psycopg2.errors.UndefinedColumn: column "event_title" does not exist
LINE 4:                event_title, element_id, x, y, payload, sourc...
                       ^

[2026-01-07T12:20:28.668+0000] {taskinstance.py:1206} INFO - Marking task as FAILED. dag_id=pg_to_clickhouse_sliding_window, task_id=transfer_raw_to_ch, run_id=scheduled__2026-01-07T12:20:10+00:00, execution_date=20260107T122010, start_date=20260107T122028, end_date=20260107T122028
[2026-01-07T12:20:28.694+0000] {standard_task_runner.py:110} ERROR - Failed to execute job 5 for task transfer_raw_to_ch (column "event_title" does not exist
LINE 4:                event_title, element_id, x, y, payload, sourc...
                       ^
; 219)
[2026-01-07T12:20:28.740+0000] {local_task_job_runner.py:240} INFO - Task exited with return code 1
[2026-01-07T12:20:28.785+0000] {taskinstance.py:3498} INFO - 0 downstream tasks scheduled from follow-on schedule check
[2026-01-07T12:20:28.799+0000] {local_task_job_runner.py:222} INFO - ::endgroup::
