[2026-01-04T22:07:20.815+0000] {local_task_job_runner.py:120} INFO - ::group::Pre task execution logs
[2026-01-04T22:07:20.848+0000] {taskinstance.py:2076} INFO - Dependencies all met for dep_context=non-requeueable deps ti=<TaskInstance: pg_to_clickhouse.transfer_raw_to_clickhouse scheduled__2026-01-04T22:07:10+00:00 [queued]>
[2026-01-04T22:07:20.855+0000] {taskinstance.py:2076} INFO - Dependencies all met for dep_context=requeueable deps ti=<TaskInstance: pg_to_clickhouse.transfer_raw_to_clickhouse scheduled__2026-01-04T22:07:10+00:00 [queued]>
[2026-01-04T22:07:20.856+0000] {taskinstance.py:2306} INFO - Starting attempt 1 of 2
[2026-01-04T22:07:20.874+0000] {taskinstance.py:2330} INFO - Executing <Task(PythonOperator): transfer_raw_to_clickhouse> on 2026-01-04 22:07:10+00:00
[2026-01-04T22:07:20.883+0000] {logging_mixin.py:188} WARNING - /home/airflow/.local/lib/python3.12/site-packages/airflow/task/task_runner/standard_task_runner.py:61 DeprecationWarning: This process (pid=533) is multi-threaded, use of fork() may lead to deadlocks in the child.
[2026-01-04T22:07:20.885+0000] {standard_task_runner.py:63} INFO - Started process 534 to run task
[2026-01-04T22:07:20.884+0000] {standard_task_runner.py:90} INFO - Running: ['airflow', 'tasks', 'run', 'pg_to_clickhouse', 'transfer_raw_to_clickhouse', 'scheduled__2026-01-04T22:07:10+00:00', '--job-id', '38', '--raw', '--subdir', 'DAGS_FOLDER/etl_postgres_to_clickhouse.py', '--cfg-path', '/tmp/tmpxjt715dw']
[2026-01-04T22:07:20.887+0000] {standard_task_runner.py:91} INFO - Job 38: Subtask transfer_raw_to_clickhouse
[2026-01-04T22:07:20.947+0000] {task_command.py:426} INFO - Running <TaskInstance: pg_to_clickhouse.transfer_raw_to_clickhouse scheduled__2026-01-04T22:07:10+00:00 [running]> on host ef9102b75e7b
[2026-01-04T22:07:21.062+0000] {taskinstance.py:2648} INFO - Exporting env vars: AIRFLOW_CTX_DAG_OWNER='***' AIRFLOW_CTX_DAG_ID='pg_to_clickhouse' AIRFLOW_CTX_TASK_ID='transfer_raw_to_clickhouse' AIRFLOW_CTX_EXECUTION_DATE='2026-01-04T22:07:10+00:00' AIRFLOW_CTX_TRY_NUMBER='1' AIRFLOW_CTX_DAG_RUN_ID='scheduled__2026-01-04T22:07:10+00:00'
[2026-01-04T22:07:21.063+0000] {taskinstance.py:430} INFO - ::endgroup::
[2026-01-04T22:07:21.004+0000] {logging_mixin.py:188} INFO - Last created_at in ClickHouse: 2026-01-04 22:03:21
[2026-01-04T22:07:21.060+0000] {logging_mixin.py:188} INFO - Transferred 807 new events to ClickHouse
[2026-01-04T22:07:21.061+0000] {python.py:237} INFO - Done. Returned value was: None
[2026-01-04T22:07:21.064+0000] {taskinstance.py:441} INFO - ::group::Post task execution logs
[2026-01-04T22:07:21.078+0000] {taskinstance.py:1206} INFO - Marking task as SUCCESS. dag_id=pg_to_clickhouse, task_id=transfer_raw_to_clickhouse, run_id=scheduled__2026-01-04T22:07:10+00:00, execution_date=20260104T220710, start_date=20260104T220720, end_date=20260104T220721
[2026-01-04T22:07:21.097+0000] {local_task_job_runner.py:240} INFO - Task exited with return code 0
[2026-01-04T22:07:21.118+0000] {taskinstance.py:3498} INFO - 0 downstream tasks scheduled from follow-on schedule check
[2026-01-04T22:07:21.122+0000] {local_task_job_runner.py:222} INFO - ::endgroup::
